Component: Arm Compiler for Embedded 6.22 Tool: armlink [5ee90200]

==============================================================================

Section Cross References

    startup_stm32f446xx.o(STACK) refers (Special) to heapauxi.o(.text) for __use_two_region_memory
    startup_stm32f446xx.o(HEAP) refers (Special) to heapauxi.o(.text) for __use_two_region_memory
    startup_stm32f446xx.o(RESET) refers (Special) to heapauxi.o(.text) for __use_two_region_memory
    startup_stm32f446xx.o(RESET) refers to startup_stm32f446xx.o(STACK) for __initial_sp
    startup_stm32f446xx.o(RESET) refers to startup_stm32f446xx.o(.text) for Reset_Handler
    startup_stm32f446xx.o(RESET) refers to stm32f4xx_it.o(.text.NMI_Handler) for NMI_Handler
    startup_stm32f446xx.o(RESET) refers to stm32f4xx_it.o(.text.HardFault_Handler) for HardFault_Handler
    startup_stm32f446xx.o(RESET) refers to stm32f4xx_it.o(.text.MemManage_Handler) for MemManage_Handler
    startup_stm32f446xx.o(RESET) refers to stm32f4xx_it.o(.text.BusFault_Handler) for BusFault_Handler
    startup_stm32f446xx.o(RESET) refers to stm32f4xx_it.o(.text.UsageFault_Handler) for UsageFault_Handler
    startup_stm32f446xx.o(RESET) refers to stm32f4xx_it.o(.text.SVC_Handler) for SVC_Handler
    startup_stm32f446xx.o(RESET) refers to stm32f4xx_it.o(.text.DebugMon_Handler) for DebugMon_Handler
    startup_stm32f446xx.o(RESET) refers to stm32f4xx_it.o(.text.PendSV_Handler) for PendSV_Handler
    startup_stm32f446xx.o(RESET) refers to stm32f4xx_it.o(.text.SysTick_Handler) for SysTick_Handler
    startup_stm32f446xx.o(RESET) refers to stm32f4xx_it.o(.text.EXTI15_10_IRQHandler) for EXTI15_10_IRQHandler
    startup_stm32f446xx.o(.text) refers (Special) to heapauxi.o(.text) for __use_two_region_memory
    startup_stm32f446xx.o(.text) refers to system_stm32f4xx.o(.text.SystemInit) for SystemInit
    startup_stm32f446xx.o(.text) refers to __main.o(!!!main) for __main
    startup_stm32f446xx.o(.text) refers to startup_stm32f446xx.o(HEAP) for Heap_Mem
    startup_stm32f446xx.o(.text) refers to startup_stm32f446xx.o(STACK) for Stack_Mem
    main.o(.text) refers (Special) to _printf_percent.o(.ARM.Collect$$_printf_percent$$00000000) for _printf_percent
    main.o(.text) refers (Special) to _printf_pad.o(.text) for _printf_pre_padding
    main.o(.text) refers (Special) to _printf_d.o(.ARM.Collect$$_printf_percent$$00000009) for _printf_d
    main.o(.text) refers (Special) to _printf_dec.o(.text) for _printf_int_dec
    main.o(.text.main) refers (Special) to _printf_percent.o(.ARM.Collect$$_printf_percent$$00000000) for _printf_percent
    main.o(.text.main) refers (Special) to _printf_pad.o(.text) for _printf_pre_padding
    main.o(.text.main) refers (Special) to _printf_d.o(.ARM.Collect$$_printf_percent$$00000009) for _printf_d
    main.o(.text.main) refers (Special) to _printf_dec.o(.text) for _printf_int_dec
    main.o(.text.main) refers to stm32f4xx_hal.o(.text.HAL_Init) for HAL_Init
    main.o(.text.main) refers to config.o(.text.SystemClock_Config) for SystemClock_Config
    main.o(.text.main) refers to config.o(.text.MX_GPIO_Init) for MX_GPIO_Init
    main.o(.text.main) refers to config.o(.text.MX_I2C1_Init) for MX_I2C1_Init
    main.o(.text.main) refers to config.o(.text.MX_USART3_UART_Init) for MX_USART3_UART_Init
    main.o(.text.main) refers to config.o(.text.MX_USB_OTG_FS_PCD_Init) for MX_USB_OTG_FS_PCD_Init
    main.o(.text.main) refers to dfr0151.o(.text.rtc_init) for rtc_init
    main.o(.text.main) refers to config.o(.text.print_msg) for print_msg
    main.o(.text.main) refers to main.o(.data..L_MergedGlobals) for .L_MergedGlobals
    main.o(.text.main) refers to dfr0151.o(.text.eeprom_read) for eeprom_read
    main.o(.text.main) refers to stm32f4xx_hal.o(.text.HAL_Delay) for HAL_Delay
    main.o(.text.main) refers to dfr0151.o(.text.eeprom_write) for eeprom_write
    main.o(.text.main) refers to main.o(.bss..L_MergedGlobals.17) for .L_MergedGlobals.17
    main.o(.text.main) refers to dfr0151.o(.text.rtc_set_time) for rtc_set_time
    main.o(.text.main) refers to dfr0151.o(.text.rtc_set_date) for rtc_set_date
    main.o(.text.main) refers to noretval__2sprintf.o(.text) for __2sprintf
    main.o(.text.main) refers to main.o(.rodata.str1.4) for .L.str.3
    main.o(.text.main) refers to main.o(.rodata.str1.1) for .L.str.15
    main.o(.text.main) refers to dfr0151.o(.text.rtc_get_time) for rtc_get_time
    main.o(.text.main) refers to dfr0151.o(.text.rtc_get_date) for rtc_get_date
    main.o(.text.main) refers to stm32f4xx_hal_gpio.o(.text.HAL_GPIO_TogglePin) for HAL_GPIO_TogglePin
    main.o(.ARM.exidx.text.main) refers (Special) to _printf_percent.o(.ARM.Collect$$_printf_percent$$00000000) for _printf_percent
    main.o(.ARM.exidx.text.main) refers (Special) to _printf_pad.o(.text) for _printf_pre_padding
    main.o(.ARM.exidx.text.main) refers (Special) to _printf_d.o(.ARM.Collect$$_printf_percent$$00000009) for _printf_d
[...]
    Removing stm32f4xx_ll_usb.o(.ARM.exidx.text.USB_EPClearStall), (8 bytes).
    Removing stm32f4xx_ll_usb.o(.text.USB_StopDevice), (486 bytes).
    Removing stm32f4xx_ll_usb.o(.ARM.exidx.text.USB_StopDevice), (8 bytes).
    Removing stm32f4xx_ll_usb.o(.text.USB_SetDevAddress), (34 bytes).
    Removing stm32f4xx_ll_usb.o(.ARM.exidx.text.USB_SetDevAddress), (8 bytes).
    Removing stm32f4xx_ll_usb.o(.text.USB_DevConnect), (30 bytes).
    Removing stm32f4xx_ll_usb.o(.ARM.exidx.text.USB_DevConnect), (8 bytes).
    Removing stm32f4xx_ll_usb.o(.ARM.exidx.text.USB_DevDisconnect), (8 bytes).
    Removing stm32f4xx_ll_usb.o(.text.USB_ReadInterrupts), (8 bytes).
    Removing stm32f4xx_ll_usb.o(.ARM.exidx.text.USB_ReadInterrupts), (8 bytes).
    Removing stm32f4xx_ll_usb.o(.text.USB_ReadDevAllOutEpInterrupt), (14 bytes).
    Removing stm32f4xx_ll_usb.o(.ARM.exidx.text.USB_ReadDevAllOutEpInterrupt), (8 bytes).
    Removing stm32f4xx_ll_usb.o(.text.USB_ReadDevAllInEpInterrupt), (14 bytes).
    Removing stm32f4xx_ll_usb.o(.ARM.exidx.text.USB_ReadDevAllInEpInterrupt), (8 bytes).
    Removing stm32f4xx_ll_usb.o(.text.USB_ReadDevOutEPInterrupt), (16 bytes).
    Removing stm32f4xx_ll_usb.o(.ARM.exidx.text.USB_ReadDevOutEPInterrupt), (8 bytes).
    Removing stm32f4xx_ll_usb.o(.text.USB_ReadDevInEPInterrupt), (36 bytes).
    Removing stm32f4xx_ll_usb.o(.ARM.exidx.text.USB_ReadDevInEPInterrupt), (8 bytes).
    Removing stm32f4xx_ll_usb.o(.text.USB_ClearInterrupts), (8 bytes).
    Removing stm32f4xx_ll_usb.o(.ARM.exidx.text.USB_ClearInterrupts), (8 bytes).
    Removing stm32f4xx_ll_usb.o(.text.USB_ActivateSetup), (32 bytes).
    Removing stm32f4xx_ll_usb.o(.ARM.exidx.text.USB_ActivateSetup), (8 bytes).
    Removing stm32f4xx_ll_usb.o(.text.USB_EP0_OutStart), (90 bytes).
    Removing stm32f4xx_ll_usb.o(.ARM.exidx.text.USB_EP0_OutStart), (8 bytes).
    Removing stm32f4xx_ll_usb.o(.text.USB_HostInit), (608 bytes).
    Removing stm32f4xx_ll_usb.o(.ARM.exidx.text.USB_HostInit), (8 bytes).
    Removing stm32f4xx_ll_usb.o(.text.USB_InitFSLSPClkSel), (56 bytes).
    Removing stm32f4xx_ll_usb.o(.ARM.exidx.text.USB_InitFSLSPClkSel), (8 bytes).
    Removing stm32f4xx_ll_usb.o(.text.USB_ResetPort), (62 bytes).
    Removing stm32f4xx_ll_usb.o(.ARM.exidx.text.USB_ResetPort), (8 bytes).
    Removing stm32f4xx_ll_usb.o(.text.USB_DriveVbus), (76 bytes).
    Removing stm32f4xx_ll_usb.o(.ARM.exidx.text.USB_DriveVbus), (8 bytes).
    Removing stm32f4xx_ll_usb.o(.text.USB_GetHostSpeed), (22 bytes).
    Removing stm32f4xx_ll_usb.o(.ARM.exidx.text.USB_GetHostSpeed), (8 bytes).
    Removing stm32f4xx_ll_usb.o(.text.USB_GetCurrentFrame), (8 bytes).
    Removing stm32f4xx_ll_usb.o(.ARM.exidx.text.USB_GetCurrentFrame), (8 bytes).
    Removing stm32f4xx_ll_usb.o(.text.USB_HC_Init), (282 bytes).
    Removing stm32f4xx_ll_usb.o(.ARM.exidx.text.USB_HC_Init), (8 bytes).
    Removing stm32f4xx_ll_usb.o(.text.USB_HC_StartXfer), (470 bytes).
    Removing stm32f4xx_ll_usb.o(.ARM.exidx.text.USB_HC_StartXfer), (8 bytes).
    Removing stm32f4xx_ll_usb.o(.text.USB_DoPing), (32 bytes).
    Removing stm32f4xx_ll_usb.o(.ARM.exidx.text.USB_DoPing), (8 bytes).
    Removing stm32f4xx_ll_usb.o(.text.USB_HC_ReadInterrupt), (8 bytes).
    Removing stm32f4xx_ll_usb.o(.ARM.exidx.text.USB_HC_ReadInterrupt), (8 bytes).
    Removing stm32f4xx_ll_usb.o(.text.USB_HC_Halt), (356 bytes).
    Removing stm32f4xx_ll_usb.o(.ARM.exidx.text.USB_HC_Halt), (8 bytes).
    Removing stm32f4xx_ll_usb.o(.text.USB_StopHost), (2336 bytes).
    Removing stm32f4xx_ll_usb.o(.ARM.exidx.text.USB_StopHost), (8 bytes).
    Removing stm32f4xx_ll_usb.o(.text.USB_ActivateRemoteWakeup), (24 bytes).
    Removing stm32f4xx_ll_usb.o(.ARM.exidx.text.USB_ActivateRemoteWakeup), (8 bytes).
    Removing stm32f4xx_ll_usb.o(.text.USB_DeActivateRemoteWakeup), (18 bytes).
    Removing stm32f4xx_ll_usb.o(.ARM.exidx.text.USB_DeActivateRemoteWakeup), (8 bytes).
    Removing system_stm32f4xx.o(.text), (0 bytes).
    Removing system_stm32f4xx.o(.ARM.exidx.text.SystemInit), (8 bytes).
    Removing system_stm32f4xx.o(.text.SystemCoreClockUpdate), (134 bytes).
    Removing system_stm32f4xx.o(.ARM.exidx.text.SystemCoreClockUpdate), (8 bytes).

777 unused section(s) (total 53672 bytes) removed from the image.

==============================================================================

Image Symbol Table

    Local Symbols

    Symbol Name                              Value     Ov Type        Size  Object(Section)

    ../clib/angel/boardlib.s                 0x00000000   Number         0  boardinit1.o ABSOLUTE
    ../clib/angel/boardlib.s                 0x00000000   Number         0  boardinit2.o ABSOLUTE
    ../clib/angel/boardlib.s                 0x00000000   Number         0  boardinit3.o ABSOLUTE
    ../clib/angel/boardlib.s                 0x00000000   Number         0  boardshut.o ABSOLUTE
    ../clib/angel/handlers.s                 0x00000000   Number         0  __scatter_copy.o ABSOLUTE
    ../clib/angel/handlers.s                 0x00000000   Number         0  __scatter_zi.o ABSOLUTE
    ../clib/angel/kernel.s                   0x00000000   Number         0  __rtentry.o ABSOLUTE
    ../clib/angel/kernel.s                   0x00000000   Number         0  __rtentry2.o ABSOLUTE
    ../clib/angel/kernel.s                   0x00000000   Number         0  __rtentry4.o ABSOLUTE
    ../clib/angel/kernel.s                   0x00000000   Number         0  rtexit.o ABSOLUTE
    ../clib/angel/kernel.s                   0x00000000   Number         0  rtexit2.o ABSOLUTE
    ../clib/angel/rt.s                       0x00000000   Number         0  aeabi_ldiv0.o ABSOLUTE
    ../clib/angel/rt.s                       0x00000000   Number         0  aeabi_ldiv0_sigfpe.o ABSOLUTE
    ../clib/angel/rt.s                       0x00000000   Number         0  rt_div0.o ABSOLUTE
    ../clib/angel/rt.s                       0x00000000   Number         0  rt_raise.o ABSOLUTE
    ../clib/angel/scatter.s                  0x00000000   Number         0  __scatter.o ABSOLUTE
    ../clib/angel/startup.s                  0x00000000   Number         0  __main.o ABSOLUTE
    ../clib/angel/sys.s                      0x00000000   Number         0  sys_stackheap_outer.o ABSOLUTE
    ../clib/angel/sys.s                      0x00000000   Number         0  libspace.o ABSOLUTE
    ../clib/angel/sys.s                      0x00000000   Number         0  use_no_semi.o ABSOLUTE
    ../clib/angel/sys.s                      0x00000000   Number         0  indicate_semi.o ABSOLUTE
    ../clib/angel/sysapp.c                   0x00000000   Number         0  sys_exit.o ABSOLUTE
    ../clib/angel/sysapp.c                   0x00000000   Number         0  sys_exit_hlt.o ABSOLUTE
    ../clib/angel/sysapp.c                   0x00000000   Number         0  sys_wrch.o ABSOLUTE
    ../clib/angel/sysapp.c                   0x00000000   Number         0  sys_wrch_hlt.o ABSOLUTE
    ../clib/angel/sysapp.c                   0x00000000   Number         0  sys_command.o ABSOLUTE
    ../clib/angel/sysapp.c                   0x00000000   Number         0  sys_command_hlt.o ABSOLUTE
    ../clib/armsys.c                         0x00000000   Number         0  argv_veneer.o ABSOLUTE
    ../clib/armsys.c                         0x00000000   Number         0  argv_veneer.o ABSOLUTE
    ../clib/armsys.c                         0x00000000   Number         0  _get_argv_nomalloc.o ABSOLUTE
    ../clib/armsys.c                         0x00000000   Number         0  no_argv.o ABSOLUTE
    ../clib/heapalloc.c                      0x00000000   Number         0  hrguard.o ABSOLUTE
    ../clib/heapaux.c                        0x00000000   Number         0  heapauxi.o ABSOLUTE
    ../clib/libinit.s                        0x00000000   Number         0  libinit.o ABSOLUTE
    ../clib/libinit.s                        0x00000000   Number         0  libinit2.o ABSOLUTE
    ../clib/libinit.s                        0x00000000   Number         0  libshutdown.o ABSOLUTE
    ../clib/libinit.s                        0x00000000   Number         0  libshutdown2.o ABSOLUTE
    ../clib/longlong.s                       0x00000000   Number         0  lludivv7m.o ABSOLUTE
    ../clib/memcpset.s                       0x00000000   Number         0  rt_memclr_w.o ABSOLUTE
    ../clib/misc.s                           0x00000000   Number         0  printf_stubs.o ABSOLUTE
    ../clib/printf.c                         0x00000000   Number         0  __2sprintf.o ABSOLUTE
    ../clib/printf.c                         0x00000000   Number         0  noretval__2sprintf.o ABSOLUTE
    ../clib/printf.c                         0x00000000   Number         0  __printf.o ABSOLUTE
    ../clib/printf.c                         0x00000000   Number         0  _printf_pad.o ABSOLUTE
    ../clib/printf.c                         0x00000000   Number         0  _printf_dec.o ABSOLUTE
    ../clib/printf.c                         0x00000000   Number         0  __printf_flags.o ABSOLUTE
    ../clib/printf.c                         0x00000000   Number         0  __printf_ss.o ABSOLUTE
    ../clib/printf.c                         0x00000000   Number         0  __printf_flags_ss.o ABSOLUTE
    ../clib/printf.c                         0x00000000   Number         0  __printf_wp.o ABSOLUTE
    ../clib/printf.c                         0x00000000   Number         0  __printf_flags_wp.o ABSOLUTE
    ../clib/printf.c                         0x00000000   Number         0  __printf_ss_wp.o ABSOLUTE
    ../clib/printf.c                         0x00000000   Number         0  __printf_flags_ss_wp.o ABSOLUTE
    ../clib/printf.c                         0x00000000   Number         0  _printf_intcommon.o ABSOLUTE
    ../clib/printf.c                         0x00000000   Number         0  _printf_char_common.o ABSOLUTE
    ../clib/printf.c                         0x00000000   Number         0  _sputc.o ABSOLUTE
    ../clib/printf.c                         0x00000000   Number         0  __printf_nopercent.o ABSOLUTE
    ../clib/printf_percent.s                 0x00000000   Number         0  _printf_d.o ABSOLUTE
    ../clib/printf_percent.s                 0x00000000   Number         0  _printf_percent.o ABSOLUTE
    ../clib/printf_percent.s                 0x00000000   Number         0  _printf_percent_end.o ABSOLUTE
    ../clib/signal.c                         0x00000000   Number         0  defsig_fpe_outer.o ABSOLUTE
    ../clib/signal.c                         0x00000000   Number         0  defsig_fpe_formal.o ABSOLUTE
    ../clib/signal.c                         0x00000000   Number         0  defsig_exit.o ABSOLUTE
    ../clib/signal.c                         0x00000000   Number         0  defsig_fpe_inner.o ABSOLUTE
    ../clib/signal.c                         0x00000000   Number         0  __raise.o ABSOLUTE
    ../clib/signal.c                         0x00000000   Number         0  defsig_general.o ABSOLUTE
    ../clib/signal.c                         0x00000000   Number         0  defsig_abrt_inner.o ABSOLUTE
    ../clib/signal.c                         0x00000000   Number         0  defsig_rtred_inner.o ABSOLUTE
    ../clib/signal.c                         0x00000000   Number         0  defsig_rtmem_inner.o ABSOLUTE
    ../clib/signal.c                         0x00000000   Number         0  defsig_rtmem_outer.o ABSOLUTE
    ../clib/signal.c                         0x00000000   Number         0  defsig_rtmem_formal.o ABSOLUTE
    ../clib/signal.c                         0x00000000   Number         0  defsig_stak_inner.o ABSOLUTE
    ../clib/signal.c                         0x00000000   Number         0  defsig_pvfn_inner.o ABSOLUTE
    ../clib/signal.c                         0x00000000   Number         0  defsig_cppl_inner.o ABSOLUTE
    ../clib/signal.c                         0x00000000   Number         0  defsig_segv_inner.o ABSOLUTE
    ../clib/signal.c                         0x00000000   Number         0  defsig_other.o ABSOLUTE
    ../clib/signal.s                         0x00000000   Number         0  defsig.o ABSOLUTE
    ../clib/stdlib.c                         0x00000000   Number         0  exit.o ABSOLUTE
    ../clib/string.c                         0x00000000   Number         0  strlen.o ABSOLUTE
    ../fplib/fpinit.s                        0x00000000   Number         0  fpinit.o ABSOLUTE
    config.c                                 0x00000000   Number         0  config.o ABSOLUTE
    dc.s                                     0x00000000   Number         0  dc.o ABSOLUTE
    dfr0151.c                                0x00000000   Number         0  dfr0151.o ABSOLUTE
    main.c                                   0x00000000   Number         0  main.o ABSOLUTE
    startup_stm32f446xx.s                    0x00000000   Number         0  startup_stm32f446xx.o ABSOLUTE
    stm32f4xx_hal.c                          0x00000000   Number         0  stm32f4xx_hal.o ABSOLUTE
    stm32f4xx_hal_cortex.c                   0x00000000   Number         0  stm32f4xx_hal_cortex.o ABSOLUTE
    stm32f4xx_hal_dma.c                      0x00000000   Number         0  stm32f4xx_hal_dma.o ABSOLUTE
    stm32f4xx_hal_dma_ex.c                   0x00000000   Number         0  stm32f4xx_hal_dma_ex.o ABSOLUTE
    stm32f4xx_hal_exti.c                     0x00000000   Number         0  stm32f4xx_hal_exti.o ABSOLUTE
    stm32f4xx_hal_flash.c                    0x00000000   Number         0  stm32f4xx_hal_flash.o ABSOLUTE
    stm32f4xx_hal_flash_ex.c                 0x00000000   Number         0  stm32f4xx_hal_flash_ex.o ABSOLUTE
    stm32f4xx_hal_flash_ramfunc.c            0x00000000   Number         0  stm32f4xx_hal_flash_ramfunc.o ABSOLUTE
    stm32f4xx_hal_gpio.c                     0x00000000   Number         0  stm32f4xx_hal_gpio.o ABSOLUTE
    stm32f4xx_hal_i2c.c                      0x00000000   Number         0  stm32f4xx_hal_i2c.o ABSOLUTE
    stm32f4xx_hal_i2c_ex.c                   0x00000000   Number         0  stm32f4xx_hal_i2c_ex.o ABSOLUTE
    stm32f4xx_hal_msp.c                      0x00000000   Number         0  stm32f4xx_hal_msp.o ABSOLUTE
    stm32f4xx_hal_pcd.c                      0x00000000   Number         0  stm32f4xx_hal_pcd.o ABSOLUTE
    stm32f4xx_hal_pcd_ex.c                   0x00000000   Number         0  stm32f4xx_hal_pcd_ex.o ABSOLUTE
    stm32f4xx_hal_pwr.c                      0x00000000   Number         0  stm32f4xx_hal_pwr.o ABSOLUTE
    stm32f4xx_hal_pwr_ex.c                   0x00000000   Number         0  stm32f4xx_hal_pwr_ex.o ABSOLUTE
    stm32f4xx_hal_rcc.c                      0x00000000   Number         0  stm32f4xx_hal_rcc.o ABSOLUTE
    stm32f4xx_hal_rcc_ex.c                   0x00000000   Number         0  stm32f4xx_hal_rcc_ex.o ABSOLUTE
    stm32f4xx_hal_tim.c                      0x00000000   Number         0  stm32f4xx_hal_tim.o ABSOLUTE
    stm32f4xx_hal_tim_ex.c                   0x00000000   Number         0  stm32f4xx_hal_tim_ex.o ABSOLUTE
    stm32f4xx_hal_uart.c                     0x00000000   Number         0  stm32f4xx_hal_uart.o ABSOLUTE
    stm32f4xx_it.c                           0x00000000   Number         0  stm32f4xx_it.o ABSOLUTE
    stm32f4xx_ll_usb.c                       0x00000000   Number         0  stm32f4xx_ll_usb.o ABSOLUTE
    system_stm32f4xx.c                       0x00000000   Number         0  system_stm32f4xx.o ABSOLUTE
    RESET                                    0x08000000   Section      452  startup_stm32f446xx.o(RESET)
    !!!main                                  0x080001c4   Section        8  __main.o(!!!main)
    !!!scatter                               0x080001cc   Section       92  __scatter.o(!!!scatter)
    !!handler_copy                           0x08000228   Section       26  __scatter_copy.o(!!handler_copy)
    !!handler_null                           0x08000244   Section        2  __scatter.o(!!handler_null)
    !!handler_zi                             0x08000248   Section       28  __scatter_zi.o(!!handler_zi)
    .ARM.Collect$$_printf_percent$$00000000  0x08000264   Section        0  _printf_percent.o(.ARM.Collect$$_printf_percent$$00000000)
    .ARM.Collect$$_printf_percent$$00000009  0x08000264   Section        6  _printf_d.o(.ARM.Collect$$_printf_percent$$00000009)
    .ARM.Collect$$_printf_percent$$00000017  0x0800026a   Section        4  _printf_percent_end.o(.ARM.Collect$$_printf_percent$$00000017)
    .ARM.Collect$$libinit$$00000000          0x0800026e   Section        2  libinit.o(.ARM.Collect$$libinit$$00000000)
    .ARM.Collect$$libinit$$00000001          0x08000270   Section        4  libinit2.o(.ARM.Collect$$libinit$$00000001)
    .ARM.Collect$$libinit$$00000004          0x08000274   Section        0  libinit2.o(.ARM.Collect$$libinit$$00000004)
    .ARM.Collect$$libinit$$00000006          0x08000274   Section        0  libinit2.o(.ARM.Collect$$libinit$$00000006)
    .ARM.Collect$$libinit$$0000000C          0x08000274   Section        0  libinit2.o(.ARM.Collect$$libinit$$0000000C)
    .ARM.Collect$$libinit$$0000000E          0x08000274   Section        0  libinit2.o(.ARM.Collect$$libinit$$0000000E)
    .ARM.Collect$$libinit$$00000010          0x08000274   Section        0  libinit2.o(.ARM.Collect$$libinit$$00000010)
    .ARM.Collect$$libinit$$00000013          0x08000274   Section        0  libinit2.o(.ARM.Collect$$libinit$$00000013)
    .ARM.Collect$$libinit$$00000015          0x08000274   Section        0  libinit2.o(.ARM.Collect$$libinit$$00000015)
    .ARM.Collect$$libinit$$00000017          0x08000274   Section        0  libinit2.o(.ARM.Collect$$libinit$$00000017)
    .ARM.Collect$$libinit$$00000019          0x08000274   Section        0  libinit2.o(.ARM.Collect$$libinit$$00000019)
    .ARM.Collect$$libinit$$0000001B          0x08000274   Section        0  libinit2.o(.ARM.Collect$$libinit$$0000001B)
    .ARM.Collect$$libinit$$0000001D          0x08000274   Section        0  libinit2.o(.ARM.Collect$$libinit$$0000001D)
    .ARM.Collect$$libinit$$0000001F          0x08000274   Section        0  libinit2.o(.ARM.Collect$$libinit$$0000001F)
    .ARM.Collect$$libinit$$00000021          0x08000274   Section        0  libinit2.o(.ARM.Collect$$libinit$$00000021)
    .ARM.Collect$$libinit$$00000023          0x08000274   Section        0  libinit2.o(.ARM.Collect$$libinit$$00000023)
    .ARM.Collect$$libinit$$00000025          0x08000274   Section        0  libinit2.o(.ARM.Collect$$libinit$$00000025)
    .ARM.Collect$$libinit$$00000027          0x08000274   Section        0  libinit2.o(.ARM.Collect$$libinit$$00000027)
    .ARM.Collect$$libinit$$0000002E          0x08000274   Section        0  libinit2.o(.ARM.Collect$$libinit$$0000002E)
    .ARM.Collect$$libinit$$00000030          0x08000274   Section        0  libinit2.o(.ARM.Collect$$libinit$$00000030)
    .ARM.Collect$$libinit$$00000032          0x08000274   Section        0  libinit2.o(.ARM.Collect$$libinit$$00000032)
    .ARM.Collect$$libinit$$00000034          0x08000274   Section        0  libinit2.o(.ARM.Collect$$libinit$$00000034)
    .ARM.Collect$$libinit$$00000035          0x08000274   Section        2  libinit2.o(.ARM.Collect$$libinit$$00000035)
    .ARM.Collect$$libshutdown$$00000000      0x08000276   Section        2  libshutdown.o(.ARM.Collect$$libshutdown$$00000000)
    .ARM.Collect$$libshutdown$$00000002      0x08000278   Section        0  libshutdown2.o(.ARM.Collect$$libshutdown$$00000002)
    .ARM.Collect$$libshutdown$$00000004      0x08000278   Section        0  libshutdown2.o(.ARM.Collect$$libshutdown$$00000004)
    .ARM.Collect$$libshutdown$$00000007      0x08000278   Section        0  libshutdown2.o(.ARM.Collect$$libshutdown$$00000007)
    .ARM.Collect$$libshutdown$$0000000A      0x08000278   Section        0  libshutdown2.o(.ARM.Collect$$libshutdown$$0000000A)
    .ARM.Collect$$libshutdown$$0000000C      0x08000278   Section        0  libshutdown2.o(.ARM.Collect$$libshutdown$$0000000C)
    .ARM.Collect$$libshutdown$$0000000F      0x08000278   Section        0  libshutdown2.o(.ARM.Collect$$libshutdown$$0000000F)
    .ARM.Collect$$libshutdown$$00000010      0x08000278   Section        2  libshutdown2.o(.ARM.Collect$$libshutdown$$00000010)
    .ARM.Collect$$rtentry$$00000000          0x0800027a   Section        0  __rtentry.o(.ARM.Collect$$rtentry$$00000000)
    .ARM.Collect$$rtentry$$00000002          0x0800027a   Section        0  __rtentry2.o(.ARM.Collect$$rtentry$$00000002)
    .ARM.Collect$$rtentry$$00000004          0x0800027a   Section        6  __rtentry4.o(.ARM.Collect$$rtentry$$00000004)
    .ARM.Collect$$rtentry$$00000009          0x08000280   Section        0  __rtentry2.o(.ARM.Collect$$rtentry$$00000009)
    .ARM.Collect$$rtentry$$0000000A          0x08000280   Section        4  __rtentry2.o(.ARM.Collect$$rtentry$$0000000A)
    .ARM.Collect$$rtentry$$0000000C          0x08000284   Section        0  __rtentry2.o(.ARM.Collect$$rtentry$$0000000C)
    .ARM.Collect$$rtentry$$0000000D          0x08000284   Section        8  __rtentry2.o(.ARM.Collect$$rtentry$$0000000D)
    .ARM.Collect$$rtexit$$00000000           0x0800028c   Section        2  rtexit.o(.ARM.Collect$$rtexit$$00000000)
    .ARM.Collect$$rtexit$$00000002           0x0800028e   Section        0  rtexit2.o(.ARM.Collect$$rtexit$$00000002)
    .ARM.Collect$$rtexit$$00000003           0x0800028e   Section        4  rtexit2.o(.ARM.Collect$$rtexit$$00000003)
    .ARM.Collect$$rtexit$$00000004           0x08000292   Section        6  rtexit2.o(.ARM.Collect$$rtexit$$00000004)
    $v0                                      0x08000298   Number         0  startup_stm32f446xx.o(.text)
    .text                                    0x08000298   Section       64  startup_stm32f446xx.o(.text)
    .text                                    0x080002d8   Section      240  lludivv7m.o(.text)
    .text                                    0x080003c8   Section        0  noretval__2sprintf.o(.text)
    .text                                    0x080003f0   Section        0  _printf_pad.o(.text)
    .text                                    0x08000440   Section        0  _printf_dec.o(.text)
    .text                                    0x080004b8   Section        0  __printf_flags_wp.o(.text)
    .text                                    0x080005f0   Section        0  strlen.o(.text)
    .text                                    0x0800062e   Section       78  rt_memclr_w.o(.text)
    .text                                    0x0800067c   Section        0  heapauxi.o(.text)
    .text                                    0x08000682   Section        0  _printf_intcommon.o(.text)
    _printf_input_char                       0x08000735   Thumb Code    10  _printf_char_common.o(.text)
    .text                                    0x08000734   Section        0  _printf_char_common.o(.text)
    .text                                    0x08000764   Section        0  _sputc.o(.text)
    .text                                    0x0800076e   Section       74  sys_stackheap_outer.o(.text)
    .text                                    0x080007b8   Section        0  exit.o(.text)
    .text                                    0x080007cc   Section        8  libspace.o(.text)
    .text                                    0x080007d4   Section        0  sys_exit.o(.text)
    .text                                    0x080007e0   Section        2  use_no_semi.o(.text)
    .text                                    0x080007e2   Section        0  indicate_semi.o(.text)
    [Anonymous Symbol]                       0x080007e4   Section        0  stm32f4xx_it.o(.text.BusFault_Handler)
    [Anonymous Symbol]                       0x080007e8   Section        0  stm32f4xx_it.o(.text.DebugMon_Handler)
    [Anonymous Symbol]                       0x080007ec   Section        0  stm32f4xx_it.o(.text.EXTI15_10_IRQHandler)
    [Anonymous Symbol]                       0x08000980   Section        0  config.o(.text.Error_Handler)
    [Anonymous Symbol]                       0x0800098c   Section        0  stm32f4xx_hal.o(.text.HAL_Delay)
    [Anonymous Symbol]                       0x080009b4   Section        0  stm32f4xx_hal_gpio.o(.text.HAL_GPIO_EXTI_Callback)
    [Anonymous Symbol]                       0x080009b8   Section        0  stm32f4xx_hal_gpio.o(.text.HAL_GPIO_EXTI_IRQHandler)
    [Anonymous Symbol]                       0x080009d0   Section        0  stm32f4xx_hal_gpio.o(.text.HAL_GPIO_Init)
    [Anonymous Symbol]                       0x08000b70   Section        0  stm32f4xx_hal_gpio.o(.text.HAL_GPIO_TogglePin)
    [Anonymous Symbol]                       0x08000b80   Section        0  stm32f4xx_hal_gpio.o(.text.HAL_GPIO_WritePin)
    [Anonymous Symbol]                       0x08000b8c   Section        0  stm32f4xx_hal.o(.text.HAL_GetTick)
    [Anonymous Symbol]                       0x08000b98   Section        0  stm32f4xx_hal_i2c.o(.text.HAL_I2C_Init)
    [Anonymous Symbol]                       0x08000cfc   Section        0  stm32f4xx_hal_i2c.o(.text.HAL_I2C_Mem_Read)
    [Anonymous Symbol]                       0x08001068   Section        0  stm32f4xx_hal_i2c.o(.text.HAL_I2C_Mem_Write)
    [Anonymous Symbol]                       0x08001244   Section        0  stm32f4xx_hal_msp.o(.text.HAL_I2C_MspInit)
    [Anonymous Symbol]                       0x080012bc   Section        0  stm32f4xx_hal.o(.text.HAL_IncTick)
    [Anonymous Symbol]                       0x080012d8   Section        0  stm32f4xx_hal.o(.text.HAL_Init)
    [Anonymous Symbol]                       0x08001310   Section        0  stm32f4xx_hal.o(.text.HAL_InitTick)
    [Anonymous Symbol]                       0x08001358   Section        0  stm32f4xx_hal_msp.o(.text.HAL_MspInit)
    [Anonymous Symbol]                       0x08001390   Section        0  stm32f4xx_hal_cortex.o(.text.HAL_NVIC_EnableIRQ)
    [Anonymous Symbol]                       0x080013b4   Section        0  stm32f4xx_hal_cortex.o(.text.HAL_NVIC_SetPriority)
    [Anonymous Symbol]                       0x0800140c   Section        0  stm32f4xx_hal_cortex.o(.text.HAL_NVIC_SetPriorityGrouping)
    [Anonymous Symbol]                       0x0800142c   Section        0  stm32f4xx_hal_pcd_ex.o(.text.HAL_PCDEx_ActivateLPM)
    [Anonymous Symbol]                       0x08001454   Section        0  stm32f4xx_hal_pcd.o(.text.HAL_PCD_Init)
    [Anonymous Symbol]                       0x08001618   Section        0  stm32f4xx_hal_msp.o(.text.HAL_PCD_MspInit)
    [Anonymous Symbol]                       0x080016c8   Section        0  stm32f4xx_hal_rcc_ex.o(.text.HAL_RCCEx_PeriphCLKConfig)
    [Anonymous Symbol]                       0x08001b08   Section        0  stm32f4xx_hal_rcc.o(.text.HAL_RCC_ClockConfig)
    [Anonymous Symbol]                       0x08001c6c   Section        0  stm32f4xx_hal_rcc.o(.text.HAL_RCC_GetPCLK1Freq)
    [Anonymous Symbol]                       0x08001c94   Section        0  stm32f4xx_hal_rcc.o(.text.HAL_RCC_GetPCLK2Freq)
    [Anonymous Symbol]                       0x08001cbc   Section        0  stm32f4xx_hal_rcc_ex.o(.text.HAL_RCC_GetSysClockFreq)
    [Anonymous Symbol]                       0x08001d60   Section        0  stm32f4xx_hal_rcc_ex.o(.text.HAL_RCC_OscConfig)
    [Anonymous Symbol]                       0x0800213c   Section        0  stm32f4xx_hal_cortex.o(.text.HAL_SYSTICK_Config)
    [Anonymous Symbol]                       0x08002168   Section        0  stm32f4xx_hal_uart.o(.text.HAL_UART_Init)
    [Anonymous Symbol]                       0x080021c8   Section        0  stm32f4xx_hal_msp.o(.text.HAL_UART_MspInit)
    [Anonymous Symbol]                       0x08002240   Section        0  stm32f4xx_hal_uart.o(.text.HAL_UART_Transmit)
    [Anonymous Symbol]                       0x080024c4   Section        0  stm32f4xx_it.o(.text.HardFault_Handler)
    I2C_RequestMemoryRead                    0x080024c9   Thumb Code   794  stm32f4xx_hal_i2c.o(.text.I2C_RequestMemoryRead)
    [Anonymous Symbol]                       0x080024c8   Section        0  stm32f4xx_hal_i2c.o(.text.I2C_RequestMemoryRead)
    I2C_RequestMemoryWrite                   0x080027e5   Thumb Code   622  stm32f4xx_hal_i2c.o(.text.I2C_RequestMemoryWrite)
    [Anonymous Symbol]                       0x080027e4   Section        0  stm32f4xx_hal_i2c.o(.text.I2C_RequestMemoryWrite)
    I2C_WaitOnBTFFlagUntilTimeout            0x08002a55   Thumb Code   168  stm32f4xx_hal_i2c.o(.text.I2C_WaitOnBTFFlagUntilTimeout)
    [Anonymous Symbol]                       0x08002a54   Section        0  stm32f4xx_hal_i2c.o(.text.I2C_WaitOnBTFFlagUntilTimeout)
    I2C_WaitOnFlagUntilTimeout               0x08002afd   Thumb Code   328  stm32f4xx_hal_i2c.o(.text.I2C_WaitOnFlagUntilTimeout)
    [Anonymous Symbol]                       0x08002afc   Section        0  stm32f4xx_hal_i2c.o(.text.I2C_WaitOnFlagUntilTimeout)
    I2C_WaitOnMasterAddressFlagUntilTimeout  0x08002c45   Thumb Code   184  stm32f4xx_hal_i2c.o(.text.I2C_WaitOnMasterAddressFlagUntilTimeout)
    [Anonymous Symbol]                       0x08002c44   Section        0  stm32f4xx_hal_i2c.o(.text.I2C_WaitOnMasterAddressFlagUntilTimeout)
    [Anonymous Symbol]                       0x08002cfc   Section        0  config.o(.text.MX_GPIO_Init)
    [Anonymous Symbol]                       0x08002e1c   Section        0  config.o(.text.MX_I2C1_Init)
    [Anonymous Symbol]                       0x08002e60   Section        0  config.o(.text.MX_USART3_UART_Init)
    [Anonymous Symbol]                       0x08002ea0   Section        0  config.o(.text.MX_USB_OTG_FS_PCD_Init)
    [Anonymous Symbol]                       0x08002ee0   Section        0  stm32f4xx_it.o(.text.MemManage_Handler)
    [Anonymous Symbol]                       0x08002ee4   Section        0  stm32f4xx_it.o(.text.NMI_Handler)
    [Anonymous Symbol]                       0x08002ee8   Section        0  stm32f4xx_it.o(.text.PendSV_Handler)
    [Anonymous Symbol]                       0x08002eec   Section        0  stm32f4xx_it.o(.text.SVC_Handler)
    [Anonymous Symbol]                       0x08002ef0   Section        0  stm32f4xx_it.o(.text.SysTick_Handler)
    [Anonymous Symbol]                       0x08002ef4   Section        0  config.o(.text.SystemClock_Config)
    [Anonymous Symbol]                       0x08002fa8   Section        0  system_stm32f4xx.o(.text.SystemInit)
    UART_SetConfig                           0x08002fbd   Thumb Code   230  stm32f4xx_hal_uart.o(.text.UART_SetConfig)
    [Anonymous Symbol]                       0x08002fbc   Section        0  stm32f4xx_hal_uart.o(.text.UART_SetConfig)
    [Anonymous Symbol]                       0x080030a4   Section        0  stm32f4xx_ll_usb.o(.text.USB_CoreInit)
    [Anonymous Symbol]                       0x08003284   Section        0  stm32f4xx_ll_usb.o(.text.USB_DevDisconnect)
    [Anonymous Symbol]                       0x080032a4   Section        0  stm32f4xx_ll_usb.o(.text.USB_DevInit)
    [Anonymous Symbol]                       0x08003728   Section        0  stm32f4xx_ll_usb.o(.text.USB_DisableGlobalInt)
    [Anonymous Symbol]                       0x08003738   Section        0  stm32f4xx_ll_usb.o(.text.USB_SetCurrentMode)
    [Anonymous Symbol]                       0x0800379c   Section        0  stm32f4xx_it.o(.text.UsageFault_Handler)
    [Anonymous Symbol]                       0x080037a0   Section        0  dfr0151.o(.text.eeprom_read)
    [Anonymous Symbol]                       0x080037d8   Section        0  dfr0151.o(.text.eeprom_write)
    [Anonymous Symbol]                       0x0800380c   Section        0  main.o(.text.main)
    [Anonymous Symbol]                       0x080041ac   Section        0  config.o(.text.print_msg)
    [Anonymous Symbol]                       0x080041cc   Section        0  dfr0151.o(.text.rtc_get_date)
    [Anonymous Symbol]                       0x080042cc   Section        0  dfr0151.o(.text.rtc_get_time)
    [Anonymous Symbol]                       0x08004390   Section        0  dfr0151.o(.text.rtc_init)
    [Anonymous Symbol]                       0x080043cc   Section        0  dfr0151.o(.text.rtc_set_date)
    [Anonymous Symbol]                       0x080044d8   Section        0  dfr0151.o(.text.rtc_set_time)
    i._is_digit                              0x080045a6   Section        0  __printf_wp.o(i._is_digit)
    $v0                                      0x080045b4   Number         0  fpinit.o(x$fpl$fpinit)
    x$fpl$fpinit                             0x080045b4   Section       26  fpinit.o(x$fpl$fpinit)
    maptable                                 0x080045ce   Data          17  __printf_flags_wp.o(.constdata)
    .constdata                               0x080045ce   Section       17  __printf_flags_wp.o(.constdata)
    .L.str.12                                0x080045f7   Data           3  main.o(.rodata.str1.1)
    .L.str.16                                0x080045f7   Data          39  main.o(.rodata.str1.1)
    [Anonymous Symbol]                       0x080045f7   Section        0  main.o(.rodata.str1.1)
    .L.str.13                                0x080045fa   Data           2  main.o(.rodata.str1.1)
    .L.str.15                                0x0800461e   Data          38  main.o(.rodata.str1.1)
    .L.str.7                                 0x08004648   Data          54  main.o(.rodata.str1.4)
    [Anonymous Symbol]                       0x08004648   Section        0  main.o(.rodata.str1.4)
    .L.str.5                                 0x0800468c   Data          29  main.o(.rodata.str1.4)
    .L.str.3                                 0x080046cc   Data          58  main.o(.rodata.str1.4)
    .L_MergedGlobals                         0x20000000   Data          84  main.o(.data..L_MergedGlobals)
    [Anonymous Symbol]                       0x20000000   Section        0  main.o(.data..L_MergedGlobals)
    .L_MergedGlobals                         0x20000054   Data           8  stm32f4xx_hal.o(.data..L_MergedGlobals)
    [Anonymous Symbol]                       0x20000054   Section        0  stm32f4xx_hal.o(.data..L_MergedGlobals)
    .bss                                     0x20000060   Section       96  libspace.o(.bss)
    .L_MergedGlobals.17                      0x200000c0   Data          15  main.o(.bss..L_MergedGlobals.17)
    [Anonymous Symbol]                       0x200000c0   Section        0  main.o(.bss..L_MergedGlobals.17)
    Heap_Mem                                 0x20000680   Data         512  startup_stm32f446xx.o(HEAP)
    HEAP                                     0x20000680   Section      512  startup_stm32f446xx.o(HEAP)
    Stack_Mem                                0x20000880   Data        1024  startup_stm32f446xx.o(STACK)
    STACK                                    0x20000880   Section     1024  startup_stm32f446xx.o(STACK)
    __initial_sp                             0x20000c80   Data           0  startup_stm32f446xx.o(STACK)

    Global Symbols

    Symbol Name                              Value     Ov Type        Size  Object(Section)

    BuildAttributes$$THM_ISAv4$E$P$D$K$B$S$7EM$VFPi3$EXTD16$VFPS$VFMA$PE$A:L22UL41UL21$X:L11$S22US41US21$IEEE1$IW$~IW$USESV6$~STKCKD$USESV7$~SHL$OTIME$ROPI$EBA8$UX$STANDARDLIB$REQ8$PRES8$EABIv2 0x00000000   Number         0  anon$$obj.o ABSOLUTE
    _printf_flags                            0x00000000   Number         0  printf_stubs.o ABSOLUTE
    _printf_return_value                     0x00000000   Number         0  printf_stubs.o ABSOLUTE
    _printf_sizespec                         0x00000000   Number         0  printf_stubs.o ABSOLUTE
    _printf_widthprec                        0x00000000   Number         0  printf_stubs.o ABSOLUTE
    __ARM_exceptions_init                     - Undefined Weak Reference
    __alloca_initialize                       - Undefined Weak Reference
    __arm_preinit_                            - Undefined Weak Reference
    __arm_relocate_pie_                       - Undefined Weak Reference
    __cpp_initialize__aeabi_                  - Undefined Weak Reference
    __cxa_finalize                            - Undefined Weak Reference
    __rt_locale                               - Undefined Weak Reference
    __sigvec_lookup                           - Undefined Weak Reference
    _atexit_init                              - Undefined Weak Reference
    _call_atexit_fns                          - Undefined Weak Reference
    _clock_init                               - Undefined Weak Reference
    _fp_trap_init                             - Undefined Weak Reference
    _fp_trap_shutdown                         - Undefined Weak Reference
    _get_lc_collate                           - Undefined Weak Reference
    _get_lc_ctype                             - Undefined Weak Reference
    _get_lc_monetary                          - Undefined Weak Reference
    _get_lc_numeric                           - Undefined Weak Reference
    _get_lc_time                              - Undefined Weak Reference
    _getenv_init                              - Undefined Weak Reference
    _handle_redirection                       - Undefined Weak Reference
    _init_alloc                               - Undefined Weak Reference
    _init_user_alloc                          - Undefined Weak Reference
    _initio                                   - Undefined Weak Reference
    _printf_truncate_signed                   - Undefined Weak Reference
    _printf_truncate_unsigned                 - Undefined Weak Reference
    _rand_init                                - Undefined Weak Reference
    _signal_finish                            - Undefined Weak Reference
    _signal_init                              - Undefined Weak Reference
    _terminate_alloc                          - Undefined Weak Reference
    _terminate_user_alloc                     - Undefined Weak Reference
    _terminateio                              - Undefined Weak Reference
    __Vectors_Size                           0x000001c4   Number         0  startup_stm32f446xx.o ABSOLUTE
    __Vectors                                0x08000000   Data           4  startup_stm32f446xx.o(RESET)
    __Vectors_End                            0x080001c4   Data           0  startup_stm32f446xx.o(RESET)
    __main                                   0x080001c5   Thumb Code     8  __main.o(!!!main)
    __scatterload                            0x080001cd   Thumb Code     0  __scatter.o(!!!scatter)
    __scatterload_rt2                        0x080001cd   Thumb Code    84  __scatter.o(!!!scatter)
    __scatterload_rt2_thumb_only             0x080001cd   Thumb Code     0  __scatter.o(!!!scatter)
    __scatterload_loop                       0x080001d7   Thumb Code     0  __scatter.o(!!!scatter)
    __scatterload_copy                       0x08000229   Thumb Code    26  __scatter_copy.o(!!handler_copy)
    __scatterload_null                       0x08000245   Thumb Code     2  __scatter.o(!!handler_null)
    __scatterload_zeroinit                   0x08000249   Thumb Code    28  __scatter_zi.o(!!handler_zi)
    _printf_d                                0x08000265   Thumb Code     0  _printf_d.o(.ARM.Collect$$_printf_percent$$00000009)
    _printf_percent                          0x08000265   Thumb Code     0  _printf_percent.o(.ARM.Collect$$_printf_percent$$00000000)
    _printf_percent_end                      0x0800026b   Thumb Code     0  _printf_percent_end.o(.ARM.Collect$$_printf_percent$$00000017)
    __rt_lib_init                            0x0800026f   Thumb Code     0  libinit.o(.ARM.Collect$$libinit$$00000000)
    __rt_lib_init_fp_1                       0x08000271   Thumb Code     0  libinit2.o(.ARM.Collect$$libinit$$00000001)
    __rt_lib_init_alloca_1                   0x08000275   Thumb Code     0  libinit2.o(.ARM.Collect$$libinit$$00000030)
    __rt_lib_init_argv_1                     0x08000275   Thumb Code     0  libinit2.o(.ARM.Collect$$libinit$$0000002E)
    __rt_lib_init_atexit_1                   0x08000275   Thumb Code     0  libinit2.o(.ARM.Collect$$libinit$$0000001D)
    __rt_lib_init_clock_1                    0x08000275   Thumb Code     0  libinit2.o(.ARM.Collect$$libinit$$00000023)
    __rt_lib_init_cpp_1                      0x08000275   Thumb Code     0  libinit2.o(.ARM.Collect$$libinit$$00000034)
    __rt_lib_init_exceptions_1               0x08000275   Thumb Code     0  libinit2.o(.ARM.Collect$$libinit$$00000032)
    __rt_lib_init_fp_trap_1                  0x08000275   Thumb Code     0  libinit2.o(.ARM.Collect$$libinit$$00000021)
    __rt_lib_init_getenv_1                   0x08000275   Thumb Code     0  libinit2.o(.ARM.Collect$$libinit$$00000025)
    __rt_lib_init_heap_1                     0x08000275   Thumb Code     0  libinit2.o(.ARM.Collect$$libinit$$0000000C)
    __rt_lib_init_lc_collate_1               0x08000275   Thumb Code     0  libinit2.o(.ARM.Collect$$libinit$$00000013)
    __rt_lib_init_lc_ctype_1                 0x08000275   Thumb Code     0  libinit2.o(.ARM.Collect$$libinit$$00000015)
    __rt_lib_init_lc_monetary_1              0x08000275   Thumb Code     0  libinit2.o(.ARM.Collect$$libinit$$00000017)
    __rt_lib_init_lc_numeric_1               0x08000275   Thumb Code     0  libinit2.o(.ARM.Collect$$libinit$$00000019)
    __rt_lib_init_lc_time_1                  0x08000275   Thumb Code     0  libinit2.o(.ARM.Collect$$libinit$$0000001B)
    __rt_lib_init_preinit_1                  0x08000275   Thumb Code     0  libinit2.o(.ARM.Collect$$libinit$$00000006)
    __rt_lib_init_rand_1                     0x08000275   Thumb Code     0  libinit2.o(.ARM.Collect$$libinit$$00000010)
    __rt_lib_init_relocate_pie_1             0x08000275   Thumb Code     0  libinit2.o(.ARM.Collect$$libinit$$00000004)
    __rt_lib_init_return                     0x08000275   Thumb Code     0  libinit2.o(.ARM.Collect$$libinit$$00000035)
    __rt_lib_init_signal_1                   0x08000275   Thumb Code     0  libinit2.o(.ARM.Collect$$libinit$$0000001F)
    __rt_lib_init_stdio_1                    0x08000275   Thumb Code     0  libinit2.o(.ARM.Collect$$libinit$$00000027)
    __rt_lib_init_user_alloc_1               0x08000275   Thumb Code     0  libinit2.o(.ARM.Collect$$libinit$$0000000E)
    __rt_lib_shutdown                        0x08000277   Thumb Code     0  libshutdown.o(.ARM.Collect$$libshutdown$$00000000)
    __rt_lib_shutdown_cpp_1                  0x08000279   Thumb Code     0  libshutdown2.o(.ARM.Collect$$libshutdown$$00000002)
    __rt_lib_shutdown_fp_trap_1              0x08000279   Thumb Code     0  libshutdown2.o(.ARM.Collect$$libshutdown$$00000007)
    __rt_lib_shutdown_heap_1                 0x08000279   Thumb Code     0  libshutdown2.o(.ARM.Collect$$libshutdown$$0000000F)
    __rt_lib_shutdown_return                 0x08000279   Thumb Code     0  libshutdown2.o(.ARM.Collect$$libshutdown$$00000010)
    __rt_lib_shutdown_signal_1               0x08000279   Thumb Code     0  libshutdown2.o(.ARM.Collect$$libshutdown$$0000000A)
    __rt_lib_shutdown_stdio_1                0x08000279   Thumb Code     0  libshutdown2.o(.ARM.Collect$$libshutdown$$00000004)
    __rt_lib_shutdown_user_alloc_1           0x08000279   Thumb Code     0  libshutdown2.o(.ARM.Collect$$libshutdown$$0000000C)
    __rt_entry                               0x0800027b   Thumb Code     0  __rtentry.o(.ARM.Collect$$rtentry$$00000000)
    __rt_entry_presh_1                       0x0800027b   Thumb Code     0  __rtentry2.o(.ARM.Collect$$rtentry$$00000002)
    __rt_entry_sh                            0x0800027b   Thumb Code     0  __rtentry4.o(.ARM.Collect$$rtentry$$00000004)
    __rt_entry_li                            0x08000281   Thumb Code     0  __rtentry2.o(.ARM.Collect$$rtentry$$0000000A)
    __rt_entry_postsh_1                      0x08000281   Thumb Code     0  __rtentry2.o(.ARM.Collect$$rtentry$$00000009)
    __rt_entry_main                          0x08000285   Thumb Code     0  __rtentry2.o(.ARM.Collect$$rtentry$$0000000D)
    __rt_entry_postli_1                      0x08000285   Thumb Code     0  __rtentry2.o(.ARM.Collect$$rtentry$$0000000C)
    __rt_exit                                0x0800028d   Thumb Code     0  rtexit.o(.ARM.Collect$$rtexit$$00000000)
    __rt_exit_ls                             0x0800028f   Thumb Code     0  rtexit2.o(.ARM.Collect$$rtexit$$00000003)
    __rt_exit_prels_1                        0x0800028f   Thumb Code     0  rtexit2.o(.ARM.Collect$$rtexit$$00000002)
    __rt_exit_exit                           0x08000293   Thumb Code     0  rtexit2.o(.ARM.Collect$$rtexit$$00000004)
    Reset_Handler                            0x08000299   Thumb Code     8  startup_stm32f446xx.o(.text)
    ADC_IRQHandler                           0x080002b3   Thumb Code     0  startup_stm32f446xx.o(.text)
    CAN1_RX0_IRQHandler                      0x080002b3   Thumb Code     0  startup_stm32f446xx.o(.text)
    CAN1_RX1_IRQHandler                      0x080002b3   Thumb Code     0  startup_stm32f446xx.o(.text)
    CAN1_SCE_IRQHandler                      0x080002b3   Thumb Code     0  startup_stm32f446xx.o(.text)
    CAN1_TX_IRQHandler                       0x080002b3   Thumb Code     0  startup_stm32f446xx.o(.text)
    CAN2_RX0_IRQHandler                      0x080002b3   Thumb Code     0  startup_stm32f446xx.o(.text)
    CAN2_RX1_IRQHandler                      0x080002b3   Thumb Code     0  startup_stm32f446xx.o(.text)
    CAN2_SCE_IRQHandler                      0x080002b3   Thumb Code     0  startup_stm32f446xx.o(.text)
    CAN2_TX_IRQHandler                       0x080002b3   Thumb Code     0  startup_stm32f446xx.o(.text)
    CEC_IRQHandler                           0x080002b3   Thumb Code     0  startup_stm32f446xx.o(.text)
    DCMI_IRQHandler                          0x080002b3   Thumb Code     0  startup_stm32f446xx.o(.text)
    DMA1_Stream0_IRQHandler                  0x080002b3   Thumb Code     0  startup_stm32f446xx.o(.text)
    DMA1_Stream1_IRQHandler                  0x080002b3   Thumb Code     0  startup_stm32f446xx.o(.text)
    DMA1_Stream2_IRQHandler                  0x080002b3   Thumb Code     0  startup_stm32f446xx.o(.text)
    DMA1_Stream3_IRQHandler                  0x080002b3   Thumb Code     0  startup_stm32f446xx.o(.text)
    DMA1_Stream4_IRQHandler                  0x080002b3   Thumb Code     0  startup_stm32f446xx.o(.text)
    DMA1_Stream5_IRQHandler                  0x080002b3   Thumb Code     0  startup_stm32f446xx.o(.text)
    DMA1_Stream6_IRQHandler                  0x080002b3   Thumb Code     0  startup_stm32f446xx.o(.text)
    DMA1_Stream7_IRQHandler                  0x080002b3   Thumb Code     0  startup_stm32f446xx.o(.text)
    DMA2_Stream0_IRQHandler                  0x080002b3   Thumb Code     0  startup_stm32f446xx.o(.text)
    DMA2_Stream1_IRQHandler                  0x080002b3   Thumb Code     0  startup_stm32f446xx.o(.text)
    DMA2_Stream2_IRQHandler                  0x080002b3   Thumb Code     0  startup_stm32f446xx.o(.text)
    DMA2_Stream3_IRQHandler                  0x080002b3   Thumb Code     0  startup_stm32f446xx.o(.text)
    DMA2_Stream4_IRQHandler                  0x080002b3   Thumb Code     0  startup_stm32f446xx.o(.text)
    DMA2_Stream5_IRQHandler                  0x080002b3   Thumb Code     0  startup_stm32f446xx.o(.text)
    DMA2_Stream6_IRQHandler                  0x080002b3   Thumb Code     0  startup_stm32f446xx.o(.text)
    DMA2_Stream7_IRQHandler                  0x080002b3   Thumb Code     0  startup_stm32f446xx.o(.text)
    EXTI0_IRQHandler                         0x080002b3   Thumb Code     0  startup_stm32f446xx.o(.text)
    EXTI1_IRQHandler                         0x080002b3   Thumb Code     0  startup_stm32f446xx.o(.text)
    EXTI2_IRQHandler                         0x080002b3   Thumb Code     0  startup_stm32f446xx.o(.text)
    EXTI3_IRQHandler                         0x080002b3   Thumb Code     0  startup_stm32f446xx.o(.text)
    EXTI4_IRQHandler                         0x080002b3   Thumb Code     0  startup_stm32f446xx.o(.text)
    EXTI9_5_IRQHandler                       0x080002b3   Thumb Code     0  startup_stm32f446xx.o(.text)
    FLASH_IRQHandler                         0x080002b3   Thumb Code     0  startup_stm32f446xx.o(.text)
    FMC_IRQHandler                           0x080002b3   Thumb Code     0  startup_stm32f446xx.o(.text)
    FMPI2C1_ER_IRQHandler                    0x080002b3   Thumb Code     0  startup_stm32f446xx.o(.text)
    FMPI2C1_EV_IRQHandler                    0x080002b3   Thumb Code     0  startup_stm32f446xx.o(.text)
    FPU_IRQHandler                           0x080002b3   Thumb Code     0  startup_stm32f446xx.o(.text)
    I2C1_ER_IRQHandler                       0x080002b3   Thumb Code     0  startup_stm32f446xx.o(.text)
    I2C1_EV_IRQHandler                       0x080002b3   Thumb Code     0  startup_stm32f446xx.o(.text)
    I2C2_ER_IRQHandler                       0x080002b3   Thumb Code     0  startup_stm32f446xx.o(.text)
    I2C2_EV_IRQHandler                       0x080002b3   Thumb Code     0  startup_stm32f446xx.o(.text)
    I2C3_ER_IRQHandler                       0x080002b3   Thumb Code     0  startup_stm32f446xx.o(.text)
    I2C3_EV_IRQHandler                       0x080002b3   Thumb Code     0  startup_stm32f446xx.o(.text)
    OTG_FS_IRQHandler                        0x080002b3   Thumb Code     0  startup_stm32f446xx.o(.text)
    OTG_FS_WKUP_IRQHandler                   0x080002b3   Thumb Code     0  startup_stm32f446xx.o(.text)
    OTG_HS_EP1_IN_IRQHandler                 0x080002b3   Thumb Code     0  startup_stm32f446xx.o(.text)
    OTG_HS_EP1_OUT_IRQHandler                0x080002b3   Thumb Code     0  startup_stm32f446xx.o(.text)
    OTG_HS_IRQHandler                        0x080002b3   Thumb Code     0  startup_stm32f446xx.o(.text)
    OTG_HS_WKUP_IRQHandler                   0x080002b3   Thumb Code     0  startup_stm32f446xx.o(.text)
    PVD_IRQHandler                           0x080002b3   Thumb Code     0  startup_stm32f446xx.o(.text)
    QUADSPI_IRQHandler                       0x080002b3   Thumb Code     0  startup_stm32f446xx.o(.text)
    RCC_IRQHandler                           0x080002b3   Thumb Code     0  startup_stm32f446xx.o(.text)
    RTC_Alarm_IRQHandler                     0x080002b3   Thumb Code     0  startup_stm32f446xx.o(.text)
    RTC_WKUP_IRQHandler                      0x080002b3   Thumb Code     0  startup_stm32f446xx.o(.text)
    SAI1_IRQHandler                          0x080002b3   Thumb Code     0  startup_stm32f446xx.o(.text)
    SAI2_IRQHandler                          0x080002b3   Thumb Code     0  startup_stm32f446xx.o(.text)
    SDIO_IRQHandler                          0x080002b3   Thumb Code     0  startup_stm32f446xx.o(.text)
    SPDIF_RX_IRQHandler                      0x080002b3   Thumb Code     0  startup_stm32f446xx.o(.text)
    SPI1_IRQHandler                          0x080002b3   Thumb Code     0  startup_stm32f446xx.o(.text)
    SPI2_IRQHandler                          0x080002b3   Thumb Code     0  startup_stm32f446xx.o(.text)
    SPI3_IRQHandler                          0x080002b3   Thumb Code     0  startup_stm32f446xx.o(.text)
    SPI4_IRQHandler                          0x080002b3   Thumb Code     0  startup_stm32f446xx.o(.text)
    TAMP_STAMP_IRQHandler                    0x080002b3   Thumb Code     0  startup_stm32f446xx.o(.text)
    TIM1_BRK_TIM9_IRQHandler                 0x080002b3   Thumb Code     0  startup_stm32f446xx.o(.text)
    TIM1_CC_IRQHandler                       0x080002b3   Thumb Code     0  startup_stm32f446xx.o(.text)
    TIM1_TRG_COM_TIM11_IRQHandler            0x080002b3   Thumb Code     0  startup_stm32f446xx.o(.text)
    TIM1_UP_TIM10_IRQHandler                 0x080002b3   Thumb Code     0  startup_stm32f446xx.o(.text)
    TIM2_IRQHandler                          0x080002b3   Thumb Code     0  startup_stm32f446xx.o(.text)
    TIM3_IRQHandler                          0x080002b3   Thumb Code     0  startup_stm32f446xx.o(.text)
    TIM4_IRQHandler                          0x080002b3   Thumb Code     0  startup_stm32f446xx.o(.text)
    TIM5_IRQHandler                          0x080002b3   Thumb Code     0  startup_stm32f446xx.o(.text)
    TIM6_DAC_IRQHandler                      0x080002b3   Thumb Code     0  startup_stm32f446xx.o(.text)
    TIM7_IRQHandler                          0x080002b3   Thumb Code     0  startup_stm32f446xx.o(.text)
    TIM8_BRK_TIM12_IRQHandler                0x080002b3   Thumb Code     0  startup_stm32f446xx.o(.text)
    TIM8_CC_IRQHandler                       0x080002b3   Thumb Code     0  startup_stm32f446xx.o(.text)
    TIM8_TRG_COM_TIM14_IRQHandler            0x080002b3   Thumb Code     0  startup_stm32f446xx.o(.text)
    TIM8_UP_TIM13_IRQHandler                 0x080002b3   Thumb Code     0  startup_stm32f446xx.o(.text)
    UART4_IRQHandler                         0x080002b3   Thumb Code     0  startup_stm32f446xx.o(.text)
    UART5_IRQHandler                         0x080002b3   Thumb Code     0  startup_stm32f446xx.o(.text)
    USART1_IRQHandler                        0x080002b3   Thumb Code     0  startup_stm32f446xx.o(.text)
    USART2_IRQHandler                        0x080002b3   Thumb Code     0  startup_stm32f446xx.o(.text)
    USART3_IRQHandler                        0x080002b3   Thumb Code     0  startup_stm32f446xx.o(.text)
    USART6_IRQHandler                        0x080002b3   Thumb Code     0  startup_stm32f446xx.o(.text)
    WWDG_IRQHandler                          0x080002b3   Thumb Code     0  startup_stm32f446xx.o(.text)
    __user_initial_stackheap                 0x080002b5   Thumb Code     0  startup_stm32f446xx.o(.text)
    __aeabi_uldivmod                         0x080002d9   Thumb Code     0  lludivv7m.o(.text)
    _ll_udiv                                 0x080002d9   Thumb Code   240  lludivv7m.o(.text)
    __2sprintf                               0x080003c9   Thumb Code    34  noretval__2sprintf.o(.text)
    _printf_pre_padding                      0x080003f1   Thumb Code    44  _printf_pad.o(.text)
    _printf_post_padding                     0x0800041d   Thumb Code    34  _printf_pad.o(.text)
    _printf_int_dec                          0x08000441   Thumb Code   104  _printf_dec.o(.text)
    __printf                                 0x080004b9   Thumb Code   308  __printf_flags_wp.o(.text)
    strlen                                   0x080005f1   Thumb Code    62  strlen.o(.text)
    __aeabi_memclr4                          0x0800062f   Thumb Code     0  rt_memclr_w.o(.text)
    __aeabi_memclr8                          0x0800062f   Thumb Code     0  rt_memclr_w.o(.text)
    __rt_memclr_w                            0x0800062f   Thumb Code     0  rt_memclr_w.o(.text)
    _memset_w                                0x08000633   Thumb Code    74  rt_memclr_w.o(.text)
    __use_two_region_memory                  0x0800067d   Thumb Code     2  heapauxi.o(.text)
    __rt_heap_escrow$2region                 0x0800067f   Thumb Code     2  heapauxi.o(.text)
    __rt_heap_expand$2region                 0x08000681   Thumb Code     2  heapauxi.o(.text)
    _printf_int_common                       0x08000683   Thumb Code   178  _printf_intcommon.o(.text)
    _printf_char_common                      0x0800073f   Thumb Code    32  _printf_char_common.o(.text)
    _sputc                                   0x08000765   Thumb Code    10  _sputc.o(.text)
    __user_setup_stackheap                   0x0800076f   Thumb Code    74  sys_stackheap_outer.o(.text)
    exit                                     0x080007b9   Thumb Code    18  exit.o(.text)
    __user_libspace                          0x080007cd   Thumb Code     8  libspace.o(.text)
    __user_perproc_libspace                  0x080007cd   Thumb Code     0  libspace.o(.text)
    __user_perthread_libspace                0x080007cd   Thumb Code     0  libspace.o(.text)
    _sys_exit                                0x080007d5   Thumb Code     8  sys_exit.o(.text)
    __I$use$semihosting                      0x080007e1   Thumb Code     0  use_no_semi.o(.text)
    __use_no_semihosting_swi                 0x080007e1   Thumb Code     2  use_no_semi.o(.text)
    __semihosting_library_function           0x080007e3   Thumb Code     0  indicate_semi.o(.text)
    BusFault_Handler                         0x080007e5   Thumb Code     2  stm32f4xx_it.o(.text.BusFault_Handler)
    DebugMon_Handler                         0x080007e9   Thumb Code     2  stm32f4xx_it.o(.text.DebugMon_Handler)
    EXTI15_10_IRQHandler                     0x080007ed   Thumb Code   348  stm32f4xx_it.o(.text.EXTI15_10_IRQHandler)
    Error_Handler                            0x08000981   Thumb Code    10  config.o(.text.Error_Handler)
    HAL_Delay                                0x0800098d   Thumb Code    40  stm32f4xx_hal.o(.text.HAL_Delay)
    HAL_GPIO_EXTI_Callback                   0x080009b5   Thumb Code     2  stm32f4xx_hal_gpio.o(.text.HAL_GPIO_EXTI_Callback)
    HAL_GPIO_EXTI_IRQHandler                 0x080009b9   Thumb Code    22  stm32f4xx_hal_gpio.o(.text.HAL_GPIO_EXTI_IRQHandler)
    HAL_GPIO_Init                            0x080009d1   Thumb Code   414  stm32f4xx_hal_gpio.o(.text.HAL_GPIO_Init)
    HAL_GPIO_TogglePin                       0x08000b71   Thumb Code    16  stm32f4xx_hal_gpio.o(.text.HAL_GPIO_TogglePin)
    HAL_GPIO_WritePin                        0x08000b81   Thumb Code    10  stm32f4xx_hal_gpio.o(.text.HAL_GPIO_WritePin)
    HAL_GetTick                              0x08000b8d   Thumb Code    12  stm32f4xx_hal.o(.text.HAL_GetTick)
    HAL_I2C_Init                             0x08000b99   Thumb Code   356  stm32f4xx_hal_i2c.o(.text.HAL_I2C_Init)
    HAL_I2C_Mem_Read                         0x08000cfd   Thumb Code   874  stm32f4xx_hal_i2c.o(.text.HAL_I2C_Mem_Read)
    HAL_I2C_Mem_Write                        0x08001069   Thumb Code   474  stm32f4xx_hal_i2c.o(.text.HAL_I2C_Mem_Write)
    HAL_I2C_MspInit                          0x08001245   Thumb Code   118  stm32f4xx_hal_msp.o(.text.HAL_I2C_MspInit)
    HAL_IncTick                              0x080012bd   Thumb Code    26  stm32f4xx_hal.o(.text.HAL_IncTick)
    HAL_Init                                 0x080012d9   Thumb Code    54  stm32f4xx_hal.o(.text.HAL_Init)
    HAL_InitTick                             0x08001311   Thumb Code    72  stm32f4xx_hal.o(.text.HAL_InitTick)
    HAL_MspInit                              0x08001359   Thumb Code    56  stm32f4xx_hal_msp.o(.text.HAL_MspInit)
    HAL_NVIC_EnableIRQ                       0x08001391   Thumb Code    34  stm32f4xx_hal_cortex.o(.text.HAL_NVIC_EnableIRQ)
    HAL_NVIC_SetPriority                     0x080013b5   Thumb Code    86  stm32f4xx_hal_cortex.o(.text.HAL_NVIC_SetPriority)
    HAL_NVIC_SetPriorityGrouping             0x0800140d   Thumb Code    32  stm32f4xx_hal_cortex.o(.text.HAL_NVIC_SetPriorityGrouping)
    HAL_PCDEx_ActivateLPM                    0x0800142d   Thumb Code    38  stm32f4xx_hal_pcd_ex.o(.text.HAL_PCDEx_ActivateLPM)
    HAL_PCD_Init                             0x08001455   Thumb Code   450  stm32f4xx_hal_pcd.o(.text.HAL_PCD_Init)
    HAL_PCD_MspInit                          0x08001619   Thumb Code   176  stm32f4xx_hal_msp.o(.text.HAL_PCD_MspInit)
    HAL_RCCEx_PeriphCLKConfig                0x080016c9   Thumb Code  1086  stm32f4xx_hal_rcc_ex.o(.text.HAL_RCCEx_PeriphCLKConfig)
    HAL_RCC_ClockConfig                      0x08001b09   Thumb Code   356  stm32f4xx_hal_rcc.o(.text.HAL_RCC_ClockConfig)
    HAL_RCC_GetPCLK1Freq                     0x08001c6d   Thumb Code    38  stm32f4xx_hal_rcc.o(.text.HAL_RCC_GetPCLK1Freq)
    HAL_RCC_GetPCLK2Freq                     0x08001c95   Thumb Code    38  stm32f4xx_hal_rcc.o(.text.HAL_RCC_GetPCLK2Freq)
    HAL_RCC_GetSysClockFreq                  0x08001cbd   Thumb Code   162  stm32f4xx_hal_rcc_ex.o(.text.HAL_RCC_GetSysClockFreq)
    HAL_RCC_OscConfig                        0x08001d61   Thumb Code   988  stm32f4xx_hal_rcc_ex.o(.text.HAL_RCC_OscConfig)
    HAL_SYSTICK_Config                       0x0800213d   Thumb Code    44  stm32f4xx_hal_cortex.o(.text.HAL_SYSTICK_Config)
    HAL_UART_Init                            0x08002169   Thumb Code    94  stm32f4xx_hal_uart.o(.text.HAL_UART_Init)
    HAL_UART_MspInit                         0x080021c9   Thumb Code   118  stm32f4xx_hal_msp.o(.text.HAL_UART_MspInit)
    HAL_UART_Transmit                        0x08002241   Thumb Code   642  stm32f4xx_hal_uart.o(.text.HAL_UART_Transmit)
    HardFault_Handler                        0x080024c5   Thumb Code     2  stm32f4xx_it.o(.text.HardFault_Handler)
    MX_GPIO_Init                             0x08002cfd   Thumb Code   288  config.o(.text.MX_GPIO_Init)
    MX_I2C1_Init                             0x08002e1d   Thumb Code    66  config.o(.text.MX_I2C1_Init)
    MX_USART3_UART_Init                      0x08002e61   Thumb Code    62  config.o(.text.MX_USART3_UART_Init)
    MX_USB_OTG_FS_PCD_Init                   0x08002ea1   Thumb Code    62  config.o(.text.MX_USB_OTG_FS_PCD_Init)
    MemManage_Handler                        0x08002ee1   Thumb Code     2  stm32f4xx_it.o(.text.MemManage_Handler)
    NMI_Handler                              0x08002ee5   Thumb Code     2  stm32f4xx_it.o(.text.NMI_Handler)
    PendSV_Handler                           0x08002ee9   Thumb Code     2  stm32f4xx_it.o(.text.PendSV_Handler)
    SVC_Handler                              0x08002eed   Thumb Code     2  stm32f4xx_it.o(.text.SVC_Handler)
    SysTick_Handler                          0x08002ef1   Thumb Code     4  stm32f4xx_it.o(.text.SysTick_Handler)
    SystemClock_Config                       0x08002ef5   Thumb Code   180  config.o(.text.SystemClock_Config)
    SystemInit                               0x08002fa9   Thumb Code    18  system_stm32f4xx.o(.text.SystemInit)
    USB_CoreInit                             0x080030a5   Thumb Code   478  stm32f4xx_ll_usb.o(.text.USB_CoreInit)
    USB_DevDisconnect                        0x08003285   Thumb Code    30  stm32f4xx_ll_usb.o(.text.USB_DevDisconnect)
    USB_DevInit                              0x080032a5   Thumb Code  1154  stm32f4xx_ll_usb.o(.text.USB_DevInit)
    USB_DisableGlobalInt                     0x08003729   Thumb Code    14  stm32f4xx_ll_usb.o(.text.USB_DisableGlobalInt)
    USB_SetCurrentMode                       0x08003739   Thumb Code   100  stm32f4xx_ll_usb.o(.text.USB_SetCurrentMode)
    UsageFault_Handler                       0x0800379d   Thumb Code     2  stm32f4xx_it.o(.text.UsageFault_Handler)
    eeprom_read                              0x080037a1   Thumb Code    56  dfr0151.o(.text.eeprom_read)
    eeprom_write                             0x080037d9   Thumb Code    52  dfr0151.o(.text.eeprom_write)
    main                                     0x0800380d   Thumb Code  2328  main.o(.text.main)
    print_msg                                0x080041ad   Thumb Code    30  config.o(.text.print_msg)
    rtc_get_date                             0x080041cd   Thumb Code   254  dfr0151.o(.text.rtc_get_date)
    rtc_get_time                             0x080042cd   Thumb Code   196  dfr0151.o(.text.rtc_get_time)
    rtc_init                                 0x08004391   Thumb Code    58  dfr0151.o(.text.rtc_init)
    rtc_set_date                             0x080043cd   Thumb Code   266  dfr0151.o(.text.rtc_set_date)
    rtc_set_time                             0x080044d9   Thumb Code   206  dfr0151.o(.text.rtc_set_time)
    _is_digit                                0x080045a7   Thumb Code    14  __printf_wp.o(i._is_digit)
    _fp_init                                 0x080045b5   Thumb Code    26  fpinit.o(x$fpl$fpinit)
    __fplib_config_fpu_vfp                   0x080045cd   Thumb Code     0  fpinit.o(x$fpl$fpinit)
    __fplib_config_pureend_doubles           0x080045cd   Thumb Code     0  fpinit.o(x$fpl$fpinit)
    AHBPrescTable                            0x080045df   Data          16  system_stm32f4xx.o(.rodata.AHBPrescTable)
    APBPrescTable                            0x080045ef   Data           8  system_stm32f4xx.o(.rodata.APBPrescTable)
    Region$$Table$$Base                      0x08004720   Number         0  anon$$obj.o(Region$$Table)
    Region$$Table$$Limit                     0x08004740   Number         0  anon$$obj.o(Region$$Table)
    rtc_addresses                            0x20000000   Data          14  main.o(.data..L_MergedGlobals)
    alarm_addresses                          0x2000000e   Data          14  main.o(.data..L_MergedGlobals)
    rtc_values                               0x2000001c   Data          28  main.o(.data..L_MergedGlobals)
    alarm_values                             0x20000038   Data          28  main.o(.data..L_MergedGlobals)
    uwTickFreq                               0x20000054   Data           1  stm32f4xx_hal.o(.data..L_MergedGlobals)
    uwTickPrio                               0x20000058   Data           4  stm32f4xx_hal.o(.data..L_MergedGlobals)
    SystemCoreClock                          0x2000005c   Data           4  system_stm32f4xx.o(.data.SystemCoreClock)
    __libspace_start                         0x20000060   Data          96  libspace.o(.bss)
    __temporary_stack_top$libspace           0x200000c0   Data           0  libspace.o(.bss)
    hour                                     0x200000c0   Data           1  main.o(.bss..L_MergedGlobals.17)
    min                                      0x200000c1   Data           1  main.o(.bss..L_MergedGlobals.17)
    sec                                      0x200000c2   Data           1  main.o(.bss..L_MergedGlobals.17)
    week_day                                 0x200000c3   Data           1  main.o(.bss..L_MergedGlobals.17)
    day                                      0x200000c4   Data           1  main.o(.bss..L_MergedGlobals.17)
    month                                    0x200000c5   Data           1  main.o(.bss..L_MergedGlobals.17)
    year                                     0x200000c6   Data           1  main.o(.bss..L_MergedGlobals.17)
    alarm_hour                               0x200000c7   Data           1  main.o(.bss..L_MergedGlobals.17)
    alarm_min                                0x200000c8   Data           1  main.o(.bss..L_MergedGlobals.17)
    alarm_sec                                0x200000c9   Data           1  main.o(.bss..L_MergedGlobals.17)
    alarm_weekday                            0x200000ca   Data           1  main.o(.bss..L_MergedGlobals.17)
    alarm_day                                0x200000cb   Data           1  main.o(.bss..L_MergedGlobals.17)
    alarm_month                              0x200000cc   Data           1  main.o(.bss..L_MergedGlobals.17)
    alarm_year                               0x200000cd   Data           1  main.o(.bss..L_MergedGlobals.17)
    eeprom_flag                              0x200000ce   Data           1  main.o(.bss..L_MergedGlobals.17)
    hi2c1                                    0x200000d0   Data          84  config.o(.bss.hi2c1)
    hpcd_USB_OTG_FS                          0x20000124   Data        1292  config.o(.bss.hpcd_USB_OTG_FS)
    huart3                                   0x20000630   Data          68  config.o(.bss.huart3)
    last_interrupt                           0x20000674   Data           4  stm32f4xx_it.o(.bss.last_interrupt)
    uwTick                                   0x20000678   Data           4  stm32f4xx_hal.o(.bss.uwTick)



==============================================================================

Memory Map of the image

  Image Entry point : 0x080001c5

  Load Region LR_IROM1 (Base: 0x08000000, Size: 0x000047a0, Max: 0x00080000, ABSOLUTE)

    Execution Region ER_IROM1 (Exec base: 0x08000000, Load base: 0x08000000, Size: 0x00004740, Max: 0x00080000, ABSOLUTE)

    Exec Addr    Load Addr    Size         Type   Attr      Idx    E Section Name        Object

    0x08000000   0x08000000   0x000001c4   Data   RO            3    RESET               startup_stm32f446xx.o
    0x080001c4   0x080001c4   0x00000008   Code   RO         1084  * !!!main             c_w.l(__main.o)
    0x080001cc   0x080001cc   0x0000005c   Code   RO         1268    !!!scatter          c_w.l(__scatter.o)
    0x08000228   0x08000228   0x0000001a   Code   RO         1272    !!handler_copy      c_w.l(__scatter_copy.o)
    0x08000242   0x08000242   0x00000002   PAD
    0x08000244   0x08000244   0x00000002   Code   RO         1269    !!handler_null      c_w.l(__scatter.o)
    0x08000246   0x08000246   0x00000002   PAD
    0x08000248   0x08000248   0x0000001c   Code   RO         1274    !!handler_zi        c_w.l(__scatter_zi.o)
    0x08000264   0x08000264   0x00000000   Code   RO         1077    .ARM.Collect$$_printf_percent$$00000000  c_w.l(_printf_percent.o)
    0x08000264   0x08000264   0x00000006   Code   RO         1076    .ARM.Collect$$_printf_percent$$00000009  c_w.l(_printf_d.o)
    0x0800026a   0x0800026a   0x00000004   Code   RO         1097    .ARM.Collect$$_printf_percent$$00000017  c_w.l(_printf_percent_end.o)
    0x0800026e   0x0800026e   0x00000002   Code   RO         1130    .ARM.Collect$$libinit$$00000000  c_w.l(libinit.o)
    0x08000270   0x08000270   0x00000004   Code   RO         1142    .ARM.Collect$$libinit$$00000001  c_w.l(libinit2.o)
    0x08000274   0x08000274   0x00000000   Code   RO         1145    .ARM.Collect$$libinit$$00000004  c_w.l(libinit2.o)
    0x08000274   0x08000274   0x00000000   Code   RO         1147    .ARM.Collect$$libinit$$00000006  c_w.l(libinit2.o)
    0x08000274   0x08000274   0x00000000   Code   RO         1150    .ARM.Collect$$libinit$$0000000C  c_w.l(libinit2.o)
    0x08000274   0x08000274   0x00000000   Code   RO         1152    .ARM.Collect$$libinit$$0000000E  c_w.l(libinit2.o)
    0x08000274   0x08000274   0x00000000   Code   RO         1154    .ARM.Collect$$libinit$$00000010  c_w.l(libinit2.o)
    0x08000274   0x08000274   0x00000000   Code   RO         1157    .ARM.Collect$$libinit$$00000013  c_w.l(libinit2.o)
    0x08000274   0x08000274   0x00000000   Code   RO         1159    .ARM.Collect$$libinit$$00000015  c_w.l(libinit2.o)
    0x08000274   0x08000274   0x00000000   Code   RO         1161    .ARM.Collect$$libinit$$00000017  c_w.l(libinit2.o)
    0x08000274   0x08000274   0x00000000   Code   RO         1163    .ARM.Collect$$libinit$$00000019  c_w.l(libinit2.o)
    0x08000274   0x08000274   0x00000000   Code   RO         1165    .ARM.Collect$$libinit$$0000001B  c_w.l(libinit2.o)
    0x08000274   0x08000274   0x00000000   Code   RO         1167    .ARM.Collect$$libinit$$0000001D  c_w.l(libinit2.o)
    0x08000274   0x08000274   0x00000000   Code   RO         1169    .ARM.Collect$$libinit$$0000001F  c_w.l(libinit2.o)
    0x08000274   0x08000274   0x00000000   Code   RO         1171    .ARM.Collect$$libinit$$00000021  c_w.l(libinit2.o)
    0x08000274   0x08000274   0x00000000   Code   RO         1173    .ARM.Collect$$libinit$$00000023  c_w.l(libinit2.o)
    0x08000274   0x08000274   0x00000000   Code   RO         1175    .ARM.Collect$$libinit$$00000025  c_w.l(libinit2.o)
    0x08000274   0x08000274   0x00000000   Code   RO         1177    .ARM.Collect$$libinit$$00000027  c_w.l(libinit2.o)
    0x08000274   0x08000274   0x00000000   Code   RO         1181    .ARM.Collect$$libinit$$0000002E  c_w.l(libinit2.o)
    0x08000274   0x08000274   0x00000000   Code   RO         1183    .ARM.Collect$$libinit$$00000030  c_w.l(libinit2.o)
    0x08000274   0x08000274   0x00000000   Code   RO         1185    .ARM.Collect$$libinit$$00000032  c_w.l(libinit2.o)
    0x08000274   0x08000274   0x00000000   Code   RO         1187    .ARM.Collect$$libinit$$00000034  c_w.l(libinit2.o)
    0x08000274   0x08000274   0x00000002   Code   RO         1188    .ARM.Collect$$libinit$$00000035  c_w.l(libinit2.o)
    0x08000276   0x08000276   0x00000002   Code   RO         1223    .ARM.Collect$$libshutdown$$00000000  c_w.l(libshutdown.o)
    0x08000278   0x08000278   0x00000000   Code   RO         1251    .ARM.Collect$$libshutdown$$00000002  c_w.l(libshutdown2.o)
    0x08000278   0x08000278   0x00000000   Code   RO         1253    .ARM.Collect$$libshutdown$$00000004  c_w.l(libshutdown2.o)
    0x08000278   0x08000278   0x00000000   Code   RO         1256    .ARM.Collect$$libshutdown$$00000007  c_w.l(libshutdown2.o)
    0x08000278   0x08000278   0x00000000   Code   RO         1259    .ARM.Collect$$libshutdown$$0000000A  c_w.l(libshutdown2.o)
    0x08000278   0x08000278   0x00000000   Code   RO         1261    .ARM.Collect$$libshutdown$$0000000C  c_w.l(libshutdown2.o)
    0x08000278   0x08000278   0x00000000   Code   RO         1264    .ARM.Collect$$libshutdown$$0000000F  c_w.l(libshutdown2.o)
    0x08000278   0x08000278   0x00000002   Code   RO         1265    .ARM.Collect$$libshutdown$$00000010  c_w.l(libshutdown2.o)
    0x0800027a   0x0800027a   0x00000000   Code   RO         1086    .ARM.Collect$$rtentry$$00000000  c_w.l(__rtentry.o)
    0x0800027a   0x0800027a   0x00000000   Code   RO         1099    .ARM.Collect$$rtentry$$00000002  c_w.l(__rtentry2.o)
    0x0800027a   0x0800027a   0x00000006   Code   RO         1111    .ARM.Collect$$rtentry$$00000004  c_w.l(__rtentry4.o)
    0x08000280   0x08000280   0x00000000   Code   RO         1101    .ARM.Collect$$rtentry$$00000009  c_w.l(__rtentry2.o)
    0x08000280   0x08000280   0x00000004   Code   RO         1102    .ARM.Collect$$rtentry$$0000000A  c_w.l(__rtentry2.o)
    0x08000284   0x08000284   0x00000000   Code   RO         1104    .ARM.Collect$$rtentry$$0000000C  c_w.l(__rtentry2.o)
    0x08000284   0x08000284   0x00000008   Code   RO         1105    .ARM.Collect$$rtentry$$0000000D  c_w.l(__rtentry2.o)
    0x0800028c   0x0800028c   0x00000002   Code   RO         1134    .ARM.Collect$$rtexit$$00000000  c_w.l(rtexit.o)
    0x0800028e   0x0800028e   0x00000000   Code   RO         1194    .ARM.Collect$$rtexit$$00000002  c_w.l(rtexit2.o)
    0x0800028e   0x0800028e   0x00000004   Code   RO         1195    .ARM.Collect$$rtexit$$00000003  c_w.l(rtexit2.o)
    0x08000292   0x08000292   0x00000006   Code   RO         1196    .ARM.Collect$$rtexit$$00000004  c_w.l(rtexit2.o)
    0x08000298   0x08000298   0x00000040   Code   RO            4    .text               startup_stm32f446xx.o
    0x080002d8   0x080002d8   0x000000f0   Code   RO         1044    .text               c_w.l(lludivv7m.o)
    0x080003c8   0x080003c8   0x00000028   Code   RO         1048    .text               c_w.l(noretval__2sprintf.o)
    0x080003f0   0x080003f0   0x0000004e   Code   RO         1052    .text               c_w.l(_printf_pad.o)
    0x0800043e   0x0800043e   0x00000002   PAD
    0x08000440   0x08000440   0x00000078   Code   RO         1054    .text               c_w.l(_printf_dec.o)
    0x080004b8   0x080004b8   0x00000138   Code   RO         1068    .text               c_w.l(__printf_flags_wp.o)
    0x080005f0   0x080005f0   0x0000003e   Code   RO         1078    .text               c_w.l(strlen.o)
    0x0800062e   0x0800062e   0x0000004e   Code   RO         1080    .text               c_w.l(rt_memclr_w.o)
    0x0800067c   0x0800067c   0x00000006   Code   RO         1082    .text               c_w.l(heapauxi.o)
    0x08000682   0x08000682   0x000000b2   Code   RO         1091    .text               c_w.l(_printf_intcommon.o)
    0x08000734   0x08000734   0x00000030   Code   RO         1093    .text               c_w.l(_printf_char_common.o)
    0x08000764   0x08000764   0x0000000a   Code   RO         1095    .text               c_w.l(_sputc.o)
    0x0800076e   0x0800076e   0x0000004a   Code   RO         1117    .text               c_w.l(sys_stackheap_outer.o)
    0x080007b8   0x080007b8   0x00000012   Code   RO         1119    .text               c_w.l(exit.o)
    0x080007ca   0x080007ca   0x00000002   PAD
    0x080007cc   0x080007cc   0x00000008   Code   RO         1131    .text               c_w.l(libspace.o)
    0x080007d4   0x080007d4   0x0000000c   Code   RO         1189    .text               c_w.l(sys_exit.o)
    0x080007e0   0x080007e0   0x00000002   Code   RO         1212    .text               c_w.l(use_no_semi.o)
    0x080007e2   0x080007e2   0x00000000   Code   RO         1214    .text               c_w.l(indicate_semi.o)
    0x080007e2   0x080007e2   0x00000002   PAD
    0x080007e4   0x080007e4   0x00000002   Code   RO           38    .text.BusFault_Handler  stm32f4xx_it.o
    0x080007e6   0x080007e6   0x00000002   PAD
    0x080007e8   0x080007e8   0x00000002   Code   RO           44    .text.DebugMon_Handler  stm32f4xx_it.o
    0x080007ea   0x080007ea   0x00000002   PAD
    0x080007ec   0x080007ec   0x00000194   Code   RO           50    .text.EXTI15_10_IRQHandler  stm32f4xx_it.o
    0x08000980   0x08000980   0x0000000a   Code   RO          116    .text.Error_Handler  config.o
    0x0800098a   0x0800098a   0x00000002   PAD
    0x0800098c   0x0800098c   0x00000028   Code   RO          634    .text.HAL_Delay     stm32f4xx_hal.o
    0x080009b4   0x080009b4   0x00000002   Code   RO          443    .text.HAL_GPIO_EXTI_Callback  stm32f4xx_hal_gpio.o
    0x080009b6   0x080009b6   0x00000002   PAD
    0x080009b8   0x080009b8   0x00000016   Code   RO          441    .text.HAL_GPIO_EXTI_IRQHandler  stm32f4xx_hal_gpio.o
    0x080009ce   0x080009ce   0x00000002   PAD
    0x080009d0   0x080009d0   0x0000019e   Code   RO          429    .text.HAL_GPIO_Init  stm32f4xx_hal_gpio.o
    0x08000b6e   0x08000b6e   0x00000002   PAD
    0x08000b70   0x08000b70   0x00000010   Code   RO          437    .text.HAL_GPIO_TogglePin  stm32f4xx_hal_gpio.o
    0x08000b80   0x08000b80   0x0000000a   Code   RO          435    .text.HAL_GPIO_WritePin  stm32f4xx_hal_gpio.o
    0x08000b8a   0x08000b8a   0x00000002   PAD
    0x08000b8c   0x08000b8c   0x0000000c   Code   RO          626    .text.HAL_GetTick   stm32f4xx_hal.o
    0x08000b98   0x08000b98   0x00000164   Code   RO          139    .text.HAL_I2C_Init  stm32f4xx_hal_i2c.o
    0x08000cfc   0x08000cfc   0x0000036a   Code   RO          183    .text.HAL_I2C_Mem_Read  stm32f4xx_hal_i2c.o
    0x08001066   0x08001066   0x00000002   PAD
    0x08001068   0x08001068   0x000001da   Code   RO          179    .text.HAL_I2C_Mem_Write  stm32f4xx_hal_i2c.o
    0x08001242   0x08001242   0x00000002   PAD
    0x08001244   0x08001244   0x00000076   Code   RO           64    .text.HAL_I2C_MspInit  stm32f4xx_hal_msp.o
    0x080012ba   0x080012ba   0x00000002   PAD
    0x080012bc   0x080012bc   0x0000001a   Code   RO          624    .text.HAL_IncTick   stm32f4xx_hal.o
    0x080012d6   0x080012d6   0x00000002   PAD
    0x080012d8   0x080012d8   0x00000036   Code   RO          614    .text.HAL_Init      stm32f4xx_hal.o
    0x0800130e   0x0800130e   0x00000002   PAD
    0x08001310   0x08001310   0x00000048   Code   RO          616    .text.HAL_InitTick  stm32f4xx_hal.o
    0x08001358   0x08001358   0x00000038   Code   RO           62    .text.HAL_MspInit   stm32f4xx_hal_msp.o
    0x08001390   0x08001390   0x00000022   Code   RO          572    .text.HAL_NVIC_EnableIRQ  stm32f4xx_hal_cortex.o
    0x080013b2   0x080013b2   0x00000002   PAD
    0x080013b4   0x080013b4   0x00000056   Code   RO          570    .text.HAL_NVIC_SetPriority  stm32f4xx_hal_cortex.o
    0x0800140a   0x0800140a   0x00000002   PAD
    0x0800140c   0x0800140c   0x00000020   Code   RO          568    .text.HAL_NVIC_SetPriorityGrouping  stm32f4xx_hal_cortex.o
    0x0800142c   0x0800142c   0x00000026   Code   RO          908    .text.HAL_PCDEx_ActivateLPM  stm32f4xx_hal_pcd_ex.o
    0x08001452   0x08001452   0x00000002   PAD
    0x08001454   0x08001454   0x000001c2   Code   RO          826    .text.HAL_PCD_Init  stm32f4xx_hal_pcd.o
    0x08001616   0x08001616   0x00000002   PAD
    0x08001618   0x08001618   0x000000b0   Code   RO           72    .text.HAL_PCD_MspInit  stm32f4xx_hal_msp.o
    0x080016c8   0x080016c8   0x0000043e   Code   RO          321    .text.HAL_RCCEx_PeriphCLKConfig  stm32f4xx_hal_rcc_ex.o
    0x08001b06   0x08001b06   0x00000002   PAD
    0x08001b08   0x08001b08   0x00000164   Code   RO          289    .text.HAL_RCC_ClockConfig  stm32f4xx_hal_rcc.o
    0x08001c6c   0x08001c6c   0x00000026   Code   RO          301    .text.HAL_RCC_GetPCLK1Freq  stm32f4xx_hal_rcc.o
    0x08001c92   0x08001c92   0x00000002   PAD
    0x08001c94   0x08001c94   0x00000026   Code   RO          303    .text.HAL_RCC_GetPCLK2Freq  stm32f4xx_hal_rcc.o
    0x08001cba   0x08001cba   0x00000002   PAD
    0x08001cbc   0x08001cbc   0x000000a2   Code   RO          337    .text.HAL_RCC_GetSysClockFreq  stm32f4xx_hal_rcc_ex.o
    0x08001d5e   0x08001d5e   0x00000002   PAD
    0x08001d60   0x08001d60   0x000003dc   Code   RO          341    .text.HAL_RCC_OscConfig  stm32f4xx_hal_rcc_ex.o
    0x0800213c   0x0800213c   0x0000002c   Code   RO          580    .text.HAL_SYSTICK_Config  stm32f4xx_hal_cortex.o
    0x08002168   0x08002168   0x0000005e   Code   RO          706    .text.HAL_UART_Init  stm32f4xx_hal_uart.o
    0x080021c6   0x080021c6   0x00000002   PAD
    0x080021c8   0x080021c8   0x00000076   Code   RO           68    .text.HAL_UART_MspInit  stm32f4xx_hal_msp.o
    0x0800223e   0x0800223e   0x00000002   PAD
    0x08002240   0x08002240   0x00000282   Code   RO          722    .text.HAL_UART_Transmit  stm32f4xx_hal_uart.o
    0x080024c2   0x080024c2   0x00000002   PAD
    0x080024c4   0x080024c4   0x00000002   Code   RO           34    .text.HardFault_Handler  stm32f4xx_it.o
    0x080024c6   0x080024c6   0x00000002   PAD
    0x080024c8   0x080024c8   0x0000031a   Code   RO          185    .text.I2C_RequestMemoryRead  stm32f4xx_hal_i2c.o
    0x080027e2   0x080027e2   0x00000002   PAD
    0x080027e4   0x080027e4   0x0000026e   Code   RO          181    .text.I2C_RequestMemoryWrite  stm32f4xx_hal_i2c.o
    0x08002a52   0x08002a52   0x00000002   PAD
    0x08002a54   0x08002a54   0x000000a8   Code   RO          151    .text.I2C_WaitOnBTFFlagUntilTimeout  stm32f4xx_hal_i2c.o
    0x08002afc   0x08002afc   0x00000148   Code   RO          149    .text.I2C_WaitOnFlagUntilTimeout  stm32f4xx_hal_i2c.o
    0x08002c44   0x08002c44   0x000000b8   Code   RO          263    .text.I2C_WaitOnMasterAddressFlagUntilTimeout  stm32f4xx_hal_i2c.o
    0x08002cfc   0x08002cfc   0x00000120   Code   RO          124    .text.MX_GPIO_Init  config.o
    0x08002e1c   0x08002e1c   0x00000042   Code   RO          118    .text.MX_I2C1_Init  config.o
    0x08002e5e   0x08002e5e   0x00000002   PAD
    0x08002e60   0x08002e60   0x0000003e   Code   RO          120    .text.MX_USART3_UART_Init  config.o
    0x08002e9e   0x08002e9e   0x00000002   PAD
    0x08002ea0   0x08002ea0   0x0000003e   Code   RO          122    .text.MX_USB_OTG_FS_PCD_Init  config.o
    0x08002ede   0x08002ede   0x00000002   PAD
    0x08002ee0   0x08002ee0   0x00000002   Code   RO           36    .text.MemManage_Handler  stm32f4xx_it.o
    0x08002ee2   0x08002ee2   0x00000002   PAD
    0x08002ee4   0x08002ee4   0x00000002   Code   RO           32    .text.NMI_Handler   stm32f4xx_it.o
    0x08002ee6   0x08002ee6   0x00000002   PAD
    0x08002ee8   0x08002ee8   0x00000002   Code   RO           46    .text.PendSV_Handler  stm32f4xx_it.o
    0x08002eea   0x08002eea   0x00000002   PAD
    0x08002eec   0x08002eec   0x00000002   Code   RO           42    .text.SVC_Handler   stm32f4xx_it.o
    0x08002eee   0x08002eee   0x00000002   PAD
    0x08002ef0   0x08002ef0   0x00000004   Code   RO           48    .text.SysTick_Handler  stm32f4xx_it.o
    0x08002ef4   0x08002ef4   0x000000b4   Code   RO          114    .text.SystemClock_Config  config.o
    0x08002fa8   0x08002fa8   0x00000012   Code   RO         1028    .text.SystemInit    system_stm32f4xx.o
    0x08002fba   0x08002fba   0x00000002   PAD
    0x08002fbc   0x08002fbc   0x000000e6   Code   RO          710    .text.UART_SetConfig  stm32f4xx_hal_uart.o
    0x080030a2   0x080030a2   0x00000002   PAD
    0x080030a4   0x080030a4   0x000001de   Code   RO          924    .text.USB_CoreInit  stm32f4xx_ll_usb.o
    0x08003282   0x08003282   0x00000002   PAD
    0x08003284   0x08003284   0x0000001e   Code   RO          974    .text.USB_DevDisconnect  stm32f4xx_ll_usb.o
    0x080032a2   0x080032a2   0x00000002   PAD
    0x080032a4   0x080032a4   0x00000482   Code   RO          936    .text.USB_DevInit   stm32f4xx_ll_usb.o
    0x08003726   0x08003726   0x00000002   PAD
    0x08003728   0x08003728   0x0000000e   Code   RO          930    .text.USB_DisableGlobalInt  stm32f4xx_ll_usb.o
    0x08003736   0x08003736   0x00000002   PAD
    0x08003738   0x08003738   0x00000064   Code   RO          932    .text.USB_SetCurrentMode  stm32f4xx_ll_usb.o
    0x0800379c   0x0800379c   0x00000002   Code   RO           40    .text.UsageFault_Handler  stm32f4xx_it.o
    0x0800379e   0x0800379e   0x00000002   PAD
    0x080037a0   0x080037a0   0x00000038   Code   RO          104    .text.eeprom_read   dfr0151.o
    0x080037d8   0x080037d8   0x00000034   Code   RO          102    .text.eeprom_write  dfr0151.o
    0x0800380c   0x0800380c   0x000009a0   Code   RO           11    .text.main          main.o
    0x080041ac   0x080041ac   0x0000001e   Code   RO          126    .text.print_msg     config.o
    0x080041ca   0x080041ca   0x00000002   PAD
    0x080041cc   0x080041cc   0x000000fe   Code   RO           98    .text.rtc_get_date  dfr0151.o
    0x080042ca   0x080042ca   0x00000002   PAD
    0x080042cc   0x080042cc   0x000000c4   Code   RO           94    .text.rtc_get_time  dfr0151.o
    0x08004390   0x08004390   0x0000003a   Code   RO           92    .text.rtc_init      dfr0151.o
    0x080043ca   0x080043ca   0x00000002   PAD
    0x080043cc   0x080043cc   0x0000010a   Code   RO          100    .text.rtc_set_date  dfr0151.o
    0x080044d6   0x080044d6   0x00000002   PAD
    0x080044d8   0x080044d8   0x000000ce   Code   RO           96    .text.rtc_set_time  dfr0151.o
    0x080045a6   0x080045a6   0x0000000e   Code   RO         1066    i._is_digit         c_w.l(__printf_wp.o)
    0x080045b4   0x080045b4   0x0000001a   Code   RO         1206    x$fpl$fpinit        fz_wm.l(fpinit.o)
    0x080045ce   0x080045ce   0x00000011   Data   RO         1069    .constdata          c_w.l(__printf_flags_wp.o)
    0x080045df   0x080045df   0x00000010   Data   RO         1033    .rodata.AHBPrescTable  system_stm32f4xx.o
    0x080045ef   0x080045ef   0x00000008   Data   RO         1034    .rodata.APBPrescTable  system_stm32f4xx.o
    0x080045f7   0x080045f7   0x00000050   Data   RO           20    .rodata.str1.1      main.o
    0x08004647   0x08004647   0x00000001   PAD
    0x08004648   0x08004648   0x000000d8   Data   RO           19    .rodata.str1.4      main.o
    0x08004720   0x08004720   0x00000020   Data   RO         1267    Region$$Table       anon$$obj.o


    Execution Region RW_IRAM1 (Exec base: 0x20000000, Load base: 0x08004740, Size: 0x00000c80, Max: 0x00020000, ABSOLUTE)

    Exec Addr    Load Addr    Size         Type   Attr      Idx    E Section Name        Object

    0x20000000   0x08004740   0x00000054   Data   RW           22    .data..L_MergedGlobals  main.o
    0x20000054   0x08004794   0x00000008   Data   RW          669    .data..L_MergedGlobals  stm32f4xx_hal.o
    0x2000005c   0x0800479c   0x00000004   Data   RW         1032    .data.SystemCoreClock  system_stm32f4xx.o
    0x20000060        -       0x00000060   Zero   RW         1132    .bss                c_w.l(libspace.o)
    0x200000c0        -       0x0000000f   Zero   RW           23    .bss..L_MergedGlobals.17  main.o
    0x200000cf   0x080047a0   0x00000001   PAD
    0x200000d0        -       0x00000054   Zero   RW          128    .bss.hi2c1          config.o
    0x20000124        -       0x0000050c   Zero   RW          130    .bss.hpcd_USB_OTG_FS  config.o
    0x20000630        -       0x00000044   Zero   RW          129    .bss.huart3         config.o
    0x20000674        -       0x00000004   Zero   RW           52    .bss.last_interrupt  stm32f4xx_it.o
    0x20000678        -       0x00000004   Zero   RW          668    .bss.uwTick         stm32f4xx_hal.o
    0x2000067c   0x080047a0   0x00000004   PAD
    0x20000680        -       0x00000200   Zero   RW            2    HEAP                startup_stm32f446xx.o
    0x20000880        -       0x00000400   Zero   RW            1    STACK               startup_stm32f446xx.o


==============================================================================

Image component sizes


      Code (inc. data)   RO Data    RW Data    ZI Data      Debug   Object Name

       698          0          0          0       1444      12141   config.o
      1088          0          0          0          0       5879   dfr0151.o
      2464        136        296         84         15       6063   main.o
        64         26        452          0       1536        852   startup_stm32f446xx.o
       204          0          0          8          4       7524   stm32f4xx_hal.o
       196          0          0          0          0      10563   stm32f4xx_hal_cortex.o
       464          0          0          0          0       5496   stm32f4xx_hal_gpio.o
      3800          0          0          0          0      55317   stm32f4xx_hal_i2c.o
       468          0          0          0          0      10409   stm32f4xx_hal_msp.o
       450          0          0          0          0      17028   stm32f4xx_hal_pcd.o
        38          0          0          0          0       5298   stm32f4xx_hal_pcd_ex.o
       432          0          0          0          0       7595   stm32f4xx_hal_rcc.o
      2236          4          0          0          0      11184   stm32f4xx_hal_rcc_ex.o
       966          0          0          0          0      32103   stm32f4xx_hal_uart.o
       424         56          0          0          4       2255   stm32f4xx_it.o
      1776          0          0          0          0      36605   stm32f4xx_ll_usb.o
        18          0         24          4          0       2767   system_stm32f4xx.o

    ----------------------------------------------------------------------
     15874        222        805         96       3008     229079   Object Totals
         0          0         32          0          0          0   (incl. Generated)
        88          0          1          0          5          0   (incl. Padding)

    ----------------------------------------------------------------------

      Code (inc. data)   RO Data    RW Data    ZI Data      Debug   Library Member Name

         8          0          0          0          0         68   __main.o
       312          4         17          0          0         92   __printf_flags_wp.o
        14          0          0          0          0         68   __printf_wp.o
         0          0          0          0          0          0   __rtentry.o
        12          0          0          0          0          0   __rtentry2.o
         6          0          0          0          0          0   __rtentry4.o
        94          8          0          0          0          0   __scatter.o
        26          0          0          0          0          0   __scatter_copy.o
        28          0          0          0          0          0   __scatter_zi.o
        48          6          0          0          0         96   _printf_char_common.o
         6          0          0          0          0          0   _printf_d.o
       120         16          0          0          0         92   _printf_dec.o
       178          0          0          0          0         88   _printf_intcommon.o
        78          0          0          0          0        108   _printf_pad.o
         0          0          0          0          0          0   _printf_percent.o
         4          0          0          0          0          0   _printf_percent_end.o
        10          0          0          0          0         68   _sputc.o
        18          0          0          0          0         80   exit.o
         6          0          0          0          0        152   heapauxi.o
         0          0          0          0          0          0   indicate_semi.o
         2          0          0          0          0          0   libinit.o
         6          0          0          0          0          0   libinit2.o
         2          0          0          0          0          0   libshutdown.o
         2          0          0          0          0          0   libshutdown2.o
         8          4          0          0         96         68   libspace.o
       240          0          0          0          0        100   lludivv7m.o
        40          6          0          0          0         84   noretval__2sprintf.o
        78          0          0          0          0         80   rt_memclr_w.o
         2          0          0          0          0          0   rtexit.o
        10          0          0          0          0          0   rtexit2.o
        62          0          0          0          0         76   strlen.o
        12          4          0          0          0         68   sys_exit.o
        74          0          0          0          0         80   sys_stackheap_outer.o
         2          0          0          0          0         68   use_no_semi.o
        26          0          0          0          0        116   fpinit.o

    ----------------------------------------------------------------------
      1544         48         17          0         96       1652   Library Totals
        10          0          0          0          0          0   (incl. Padding)

    ----------------------------------------------------------------------

      Code (inc. data)   RO Data    RW Data    ZI Data      Debug   Library Name

      1508         48         17          0         96       1536   c_w.l
        26          0          0          0          0        116   fz_wm.l

    ----------------------------------------------------------------------
      1544         48         17          0         96       1652   Library Totals

    ----------------------------------------------------------------------

==============================================================================


      Code (inc. data)   RO Data    RW Data    ZI Data      Debug   

     17418        270        822         96       3104     229771   Grand Totals
     17418        270        822         96       3104     229771   ELF Image Totals
     17418        270        822         96          0          0   ROM Totals

==============================================================================

    Total RO  Size (Code + RO Data)                18240 (  17.81kB)
    Total RW  Size (RW Data + ZI Data)              3200 (   3.12kB)
    Total ROM Size (Code + RO Data + RW Data)      18336 (  17.91kB)

==============================================================================

